###############################################################################
#
# IAR ELF Linker V8.40.2.214/W32 for ARM                  21/Feb/2022  08:44:05
# Copyright 2007-2019 IAR Systems AB.
#
#    Output file  =
#        D:\Radio\Jobe\GP2Y0A02YK0Fv2\f303C_sens\EWARM\f303C_sens\Exe\f303C_sens.out
#    Map file     =
#        D:\Radio\Jobe\GP2Y0A02YK0Fv2\f303C_sens\EWARM\f303C_sens\List\f303C_sens.map
#    Command line =
#        -f C:\Users\IERIXO~1\AppData\Local\Temp\EWBBD2.tmp
#        (D:\Radio\Jobe\GP2Y0A02YK0Fv2\f303C_sens\EWARM\f303C_sens\Obj\adc.o
#        D:\Radio\Jobe\GP2Y0A02YK0Fv2\f303C_sens\EWARM\f303C_sens\Obj\cmsis_os.o
#        D:\Radio\Jobe\GP2Y0A02YK0Fv2\f303C_sens\EWARM\f303C_sens\Obj\croutine.o
#        D:\Radio\Jobe\GP2Y0A02YK0Fv2\f303C_sens\EWARM\f303C_sens\Obj\dma.o
#        D:\Radio\Jobe\GP2Y0A02YK0Fv2\f303C_sens\EWARM\f303C_sens\Obj\event_groups.o
#        D:\Radio\Jobe\GP2Y0A02YK0Fv2\f303C_sens\EWARM\f303C_sens\Obj\filter_sma.o
#        D:\Radio\Jobe\GP2Y0A02YK0Fv2\f303C_sens\EWARM\f303C_sens\Obj\flash_user.o
#        D:\Radio\Jobe\GP2Y0A02YK0Fv2\f303C_sens\EWARM\f303C_sens\Obj\freertos.o
#        D:\Radio\Jobe\GP2Y0A02YK0Fv2\f303C_sens\EWARM\f303C_sens\Obj\gpio.o
#        D:\Radio\Jobe\GP2Y0A02YK0Fv2\f303C_sens\EWARM\f303C_sens\Obj\heap_4.o
#        D:\Radio\Jobe\GP2Y0A02YK0Fv2\f303C_sens\EWARM\f303C_sens\Obj\list.o
#        D:\Radio\Jobe\GP2Y0A02YK0Fv2\f303C_sens\EWARM\f303C_sens\Obj\main.o
#        D:\Radio\Jobe\GP2Y0A02YK0Fv2\f303C_sens\EWARM\f303C_sens\Obj\mb.o
#        D:\Radio\Jobe\GP2Y0A02YK0Fv2\f303C_sens\EWARM\f303C_sens\Obj\mbcrc.o
#        D:\Radio\Jobe\GP2Y0A02YK0Fv2\f303C_sens\EWARM\f303C_sens\Obj\mbfunccoils.o
#        D:\Radio\Jobe\GP2Y0A02YK0Fv2\f303C_sens\EWARM\f303C_sens\Obj\mbfuncdiag.o
#        D:\Radio\Jobe\GP2Y0A02YK0Fv2\f303C_sens\EWARM\f303C_sens\Obj\mbfuncdisc.o
#        D:\Radio\Jobe\GP2Y0A02YK0Fv2\f303C_sens\EWARM\f303C_sens\Obj\mbfuncholding.o
#        D:\Radio\Jobe\GP2Y0A02YK0Fv2\f303C_sens\EWARM\f303C_sens\Obj\mbfuncinput.o
#        D:\Radio\Jobe\GP2Y0A02YK0Fv2\f303C_sens\EWARM\f303C_sens\Obj\mbfuncother.o
#        D:\Radio\Jobe\GP2Y0A02YK0Fv2\f303C_sens\EWARM\f303C_sens\Obj\mbrtu.o
#        D:\Radio\Jobe\GP2Y0A02YK0Fv2\f303C_sens\EWARM\f303C_sens\Obj\mbutils.o
#        D:\Radio\Jobe\GP2Y0A02YK0Fv2\f303C_sens\EWARM\f303C_sens\Obj\port.o
#        D:\Radio\Jobe\GP2Y0A02YK0Fv2\f303C_sens\EWARM\f303C_sens\Obj\portasm.o
#        D:\Radio\Jobe\GP2Y0A02YK0Fv2\f303C_sens\EWARM\f303C_sens\Obj\portevent.o
#        D:\Radio\Jobe\GP2Y0A02YK0Fv2\f303C_sens\EWARM\f303C_sens\Obj\portserial.o
#        D:\Radio\Jobe\GP2Y0A02YK0Fv2\f303C_sens\EWARM\f303C_sens\Obj\porttimer.o
#        D:\Radio\Jobe\GP2Y0A02YK0Fv2\f303C_sens\EWARM\f303C_sens\Obj\queue.o
#        D:\Radio\Jobe\GP2Y0A02YK0Fv2\f303C_sens\EWARM\f303C_sens\Obj\sensor.o
#        D:\Radio\Jobe\GP2Y0A02YK0Fv2\f303C_sens\EWARM\f303C_sens\Obj\spi.o
#        D:\Radio\Jobe\GP2Y0A02YK0Fv2\f303C_sens\EWARM\f303C_sens\Obj\startup_stm32f303xc.o
#        D:\Radio\Jobe\GP2Y0A02YK0Fv2\f303C_sens\EWARM\f303C_sens\Obj\stm32f3xx_hal.o
#        D:\Radio\Jobe\GP2Y0A02YK0Fv2\f303C_sens\EWARM\f303C_sens\Obj\stm32f3xx_hal_adc.o
#        D:\Radio\Jobe\GP2Y0A02YK0Fv2\f303C_sens\EWARM\f303C_sens\Obj\stm32f3xx_hal_adc_ex.o
#        D:\Radio\Jobe\GP2Y0A02YK0Fv2\f303C_sens\EWARM\f303C_sens\Obj\stm32f3xx_hal_cortex.o
#        D:\Radio\Jobe\GP2Y0A02YK0Fv2\f303C_sens\EWARM\f303C_sens\Obj\stm32f3xx_hal_dma.o
#        D:\Radio\Jobe\GP2Y0A02YK0Fv2\f303C_sens\EWARM\f303C_sens\Obj\stm32f3xx_hal_exti.o
#        D:\Radio\Jobe\GP2Y0A02YK0Fv2\f303C_sens\EWARM\f303C_sens\Obj\stm32f3xx_hal_flash.o
#        D:\Radio\Jobe\GP2Y0A02YK0Fv2\f303C_sens\EWARM\f303C_sens\Obj\stm32f3xx_hal_flash_ex.o
#        D:\Radio\Jobe\GP2Y0A02YK0Fv2\f303C_sens\EWARM\f303C_sens\Obj\stm32f3xx_hal_gpio.o
#        D:\Radio\Jobe\GP2Y0A02YK0Fv2\f303C_sens\EWARM\f303C_sens\Obj\stm32f3xx_hal_i2c.o
#        D:\Radio\Jobe\GP2Y0A02YK0Fv2\f303C_sens\EWARM\f303C_sens\Obj\stm32f3xx_hal_i2c_ex.o
#        D:\Radio\Jobe\GP2Y0A02YK0Fv2\f303C_sens\EWARM\f303C_sens\Obj\stm32f3xx_hal_msp.o
#        D:\Radio\Jobe\GP2Y0A02YK0Fv2\f303C_sens\EWARM\f303C_sens\Obj\stm32f3xx_hal_pwr.o
#        D:\Radio\Jobe\GP2Y0A02YK0Fv2\f303C_sens\EWARM\f303C_sens\Obj\stm32f3xx_hal_pwr_ex.o
#        D:\Radio\Jobe\GP2Y0A02YK0Fv2\f303C_sens\EWARM\f303C_sens\Obj\stm32f3xx_hal_rcc.o
#        D:\Radio\Jobe\GP2Y0A02YK0Fv2\f303C_sens\EWARM\f303C_sens\Obj\stm32f3xx_hal_rcc_ex.o
#        D:\Radio\Jobe\GP2Y0A02YK0Fv2\f303C_sens\EWARM\f303C_sens\Obj\stm32f3xx_hal_spi.o
#        D:\Radio\Jobe\GP2Y0A02YK0Fv2\f303C_sens\EWARM\f303C_sens\Obj\stm32f3xx_hal_spi_ex.o
#        D:\Radio\Jobe\GP2Y0A02YK0Fv2\f303C_sens\EWARM\f303C_sens\Obj\stm32f3xx_hal_tim.o
#        D:\Radio\Jobe\GP2Y0A02YK0Fv2\f303C_sens\EWARM\f303C_sens\Obj\stm32f3xx_hal_tim_ex.o
#        D:\Radio\Jobe\GP2Y0A02YK0Fv2\f303C_sens\EWARM\f303C_sens\Obj\stm32f3xx_hal_timebase_tim.o
#        D:\Radio\Jobe\GP2Y0A02YK0Fv2\f303C_sens\EWARM\f303C_sens\Obj\stm32f3xx_hal_uart.o
#        D:\Radio\Jobe\GP2Y0A02YK0Fv2\f303C_sens\EWARM\f303C_sens\Obj\stm32f3xx_hal_uart_ex.o
#        D:\Radio\Jobe\GP2Y0A02YK0Fv2\f303C_sens\EWARM\f303C_sens\Obj\stm32f3xx_it.o
#        D:\Radio\Jobe\GP2Y0A02YK0Fv2\f303C_sens\EWARM\f303C_sens\Obj\stream_buffer.o
#        D:\Radio\Jobe\GP2Y0A02YK0Fv2\f303C_sens\EWARM\f303C_sens\Obj\system_stm32f3xx.o
#        D:\Radio\Jobe\GP2Y0A02YK0Fv2\f303C_sens\EWARM\f303C_sens\Obj\tasks.o
#        D:\Radio\Jobe\GP2Y0A02YK0Fv2\f303C_sens\EWARM\f303C_sens\Obj\tim.o
#        D:\Radio\Jobe\GP2Y0A02YK0Fv2\f303C_sens\EWARM\f303C_sens\Obj\timers.o
#        D:\Radio\Jobe\GP2Y0A02YK0Fv2\f303C_sens\EWARM\f303C_sens\Obj\usart.o
#        --redirect _Printf=_PrintfFull --redirect _Scanf=_ScanfFull
#        --no_out_extension -o
#        D:\Radio\Jobe\GP2Y0A02YK0Fv2\f303C_sens\EWARM\f303C_sens\Exe\f303C_sens.out
#        --map
#        D:\Radio\Jobe\GP2Y0A02YK0Fv2\f303C_sens\EWARM\f303C_sens\List\f303C_sens.map
#        --config
#        D:\Radio\Jobe\GP2Y0A02YK0Fv2\f303C_sens\EWARM/stm32f303xc_flash.icf
#        --semihosting --entry __iar_program_start --vfe --text_out locale)
#
###############################################################################

*******************************************************************************
*** RUNTIME MODEL ATTRIBUTES
***

CppFlavor                     = *
__CPP_Exceptions              = Disabled
__CPP_Language                = C++14
__SystemLibrary               = DLib
__dlib_dynamic_initialization = normal
__dlib_version                = 6


*******************************************************************************
*** HEAP SELECTION
***

The basic heap was selected because no calls to memory allocation
functions were found in the application outside of system library
functions, and there are calls to deallocation functions in the
application.


*******************************************************************************
*** PLACEMENT SUMMARY
***

"A0":  place at address 0x800'0000 { ro section .intvec };
"P1":  place in [from 0x800'0000 to 0x803'ffff] { ro };
define block CSTACK with size = 16K, alignment = 8 { };
define block HEAP with size = 8K, alignment = 8 { };
"P2":  place in [from 0x2000'0000 to 0x2000'9fff] {
          rw, block CSTACK, block HEAP };
initialize by copy { rw };

  Section                Kind         Address    Size  Object
  -------                ----         -------    ----  ------
"A0":                                           0x188
  .intvec                ro code   0x800'0000   0x188  startup_stm32f303xc.o [1]
                                 - 0x800'0188   0x188

"P1":                                          0x55c3
  .text                  ro code   0x800'0188   0x908  stm32f3xx_hal_adc_ex.o [1]
  .text                  ro code   0x800'0a90   0x1d0  adc.o [1]
  .text                  ro code   0x800'0c60   0x268  stm32f3xx_hal_dma.o [1]
  .text                  ro code   0x800'0ec8   0x26c  freertos.o [1]
  .text                  ro code   0x800'1134     0x2  stm32f3xx_hal_adc.o [1]
  .text                  ro code   0x800'1136     0x2  stm32f3xx_hal_adc.o [1]
  .text                  ro code   0x800'1138     0xc  stm32f3xx_hal.o [1]
  .text                  ro code   0x800'1144    0x14  memset.o [4]
  .text                  ro code   0x800'1158   0x11e  main.o [1]
  .text                  ro code   0x800'1276    0x3a  zero_init3.o [4]
  .text                  ro code   0x800'12b0   0x2a8  stm32f3xx_hal_gpio.o [1]
  .text                  ro code   0x800'1558   0x508  stm32f3xx_hal_rcc.o [1]
  .text                  ro code   0x800'1a60    0xac  sensor.o [1]
  .text                  ro code   0x800'1b0c   0x15c  cmsis_os.o [1]
  .text                  ro code   0x800'1c68    0x18  ABImemcpy_small.o [4]
  .text                  ro code   0x800'1c80   0x630  stm32f3xx_hal_tim.o [1]
  .text                  ro code   0x800'22b0    0x7a  filter_sma.o [1]
  .rodata                const     0x800'232a     0x1  unwind_debug.o [5]
  .text                  ro code   0x800'232c   0x130  mb.o [1]
  .text                  ro code   0x800'245c    0xa8  flash_user.o [1]
  .text                  ro code   0x800'2504    0x12  ABImemset_small.o [4]
  .text                  ro code   0x800'2518    0x24  stm32f3xx_hal.o [1]
  .text                  ro code   0x800'253c    0xb0  gpio.o [1]
  .text                  ro code   0x800'25ec    0x30  dma.o [1]
  .text                  ro code   0x800'261c    0xb8  spi.o [1]
  .text                  ro code   0x800'26d4    0xe4  usart.o [1]
  .text                  ro code   0x800'27b8   0x118  tim.o [1]
  .text                  ro code   0x800'28d0   0x1b4  stm32f3xx_hal_rcc_ex.o [1]
  .text                  ro code   0x800'2a84    0x10  stm32f3xx_hal.o [1]
  .text                  ro code   0x800'2a94    0x78  stm32f3xx_hal_timebase_tim.o [1]
  .text                  ro code   0x800'2b0c   0x854  tasks.o [1]
  .text                  ro code   0x800'3360   0x5e4  queue.o [1]
  .text                  ro code   0x800'3944     0x2  stm32f3xx_hal_tim.o [1]
  .text                  ro code   0x800'3946     0x2  stm32f3xx_hal_tim.o [1]
  .text                  ro code   0x800'3948     0x2  stm32f3xx_hal_tim_ex.o [1]
  .text                  ro code   0x800'394a     0x2  stm32f3xx_hal_tim_ex.o [1]
  .text                  ro code   0x800'394c     0x2  stm32f3xx_hal_tim.o [1]
  .text                  ro code   0x800'394e     0x2  stm32f3xx_hal_tim_ex.o [1]
  .text                  ro code   0x800'3950     0x2  stm32f3xx_hal_tim.o [1]
  .text                  ro code   0x800'3954     0x6  ABImemclr.o [4]
  .text                  ro code   0x800'395c   0x280  mbrtu.o [1]
  .text                  ro code   0x800'3bdc    0x30  portevent.o [1]
  .text                  ro code   0x800'3c0c    0xbc  stm32f3xx_hal_cortex.o [1]
  .text                  ro code   0x800'3cc8    0x3c  stm32f3xx_hal_msp.o [1]
  .text                  ro code   0x800'3d04    0xf4  stm32f3xx_hal_spi.o [1]
  .text                  ro code   0x800'3df8    0x94  stm32f3xx_hal_uart_ex.o [1]
  .text                  ro code   0x800'3e8c    0x8c  stm32f3xx_hal_tim_ex.o [1]
  .text                  ro code   0x800'3f18   0x1b4  heap_4.o [1]
  .text                  ro code   0x800'40cc    0x92  list.o [1]
  .text                  ro code   0x800'4160   0x1f4  port.o [1]
  .text                  ro code   0x800'4354    0xbc  portserial.o [1]
  .text                  ro code   0x800'4410    0x6c  porttimer.o [1]
  .text                  ro code   0x800'447c    0x24  ABIassert.o [5]
  .text                  ro code   0x800'44a0    0x30  mbcrc.o [1]
  .text                  ro code   0x800'44d0   0x7c4  stm32f3xx_hal_uart.o [1]
  CODE                   ro code   0x800'4c94    0xb0  portasm.o [1]
  .text                  ro code   0x800'4d44     0x6  abort.o [2]
  .text                  ro code   0x800'4d4a     0x2  stm32f3xx_hal_uart.o [1]
  .text                  ro code   0x800'4d4c     0x2  stm32f3xx_hal_uart.o [1]
  .text                  ro code   0x800'4d4e     0x2  stm32f3xx_hal_uart.o [1]
  .text                  ro code   0x800'4d50    0x14  exit.o [5]
  .rodata                const     0x800'4d64   0x200  mbcrc.o [1]
  .text                  ro code   0x800'4f64   0x182  mbfuncholding.o [1]
  .text                  ro code   0x800'50e8    0x18  mbutils.o [1]
  .text                  ro code   0x800'5100   0x126  mbfunccoils.o [1]
  .rodata                const     0x800'5228    0xac  mbrtu.o [1]
  .text                  ro code   0x800'52d4    0xac  stm32f3xx_it.o [1]
  .text                  ro code   0x800'5380    0x70  mbfuncdisc.o [1]
  .text                  ro code   0x800'53f0    0x60  mbfuncinput.o [1]
  .text                  ro code   0x800'5450    0x38  packbits_init_single.o [4]
  .text                  ro code   0x800'5488    0x28  data_init.o [4]
  .text                  ro code   0x800'54b0    0x22  fpinit_M.o [3]
  .iar.init_table        const     0x800'54d4    0x24  - Linker created -
  .text                  ro code   0x800'54f8    0x20  mbfuncother.o [1]
  .text                  ro code   0x800'5518    0x20  system_stm32f3xx.o [1]
  .text                  ro code   0x800'5538    0x20  cmain_call_ctors.o [4]
  .text                  ro code   0x800'5558    0x18  cppinit.o [2]
  .text                  ro code   0x800'5570    0x1e  cmain.o [4]
  .text                  ro code   0x800'558e     0x4  low_level_init.o [2]
  .text                  ro code   0x800'5592     0x4  exit.o [2]
  .text                  ro code   0x800'5598     0xa  cexit.o [4]
  .text                  ro code   0x800'55a4    0x10  startup_stm32f303xc.o [1]
  .rodata                const     0x800'55b4     0xc  freertos.o [1]
  .text                  ro code   0x800'55c0     0xc  cstartup_M.o [4]
  .rodata                const     0x800'55cc     0x8  freertos.o [1]
  .rodata                const     0x800'55d4     0x8  system_stm32f3xx.o [1]
  .text                  ro code   0x800'55dc     0x4  startup_stm32f303xc.o [1]
  .text                  ro code   0x800'55e0     0x4  startup_stm32f303xc.o [1]
  .text                  ro code   0x800'55e4     0x4  startup_stm32f303xc.o [1]
  .text                  ro code   0x800'55e8     0x4  startup_stm32f303xc.o [1]
  .text                  ro code   0x800'55ec     0x4  startup_stm32f303xc.o [1]
  .text                  ro code   0x800'55f0     0x4  startup_stm32f303xc.o [1]
  .text                  ro code   0x800'55f4     0x4  startup_stm32f303xc.o [1]
  .text                  ro code   0x800'55f8     0x4  startup_stm32f303xc.o [1]
  .text                  ro code   0x800'55fc     0x4  startup_stm32f303xc.o [1]
  .text                  ro code   0x800'5600     0x4  startup_stm32f303xc.o [1]
  .text                  ro code   0x800'5604     0x4  startup_stm32f303xc.o [1]
  .text                  ro code   0x800'5608     0x4  startup_stm32f303xc.o [1]
  .text                  ro code   0x800'560c     0x4  startup_stm32f303xc.o [1]
  .text                  ro code   0x800'5610     0x4  startup_stm32f303xc.o [1]
  .text                  ro code   0x800'5614     0x4  startup_stm32f303xc.o [1]
  .text                  ro code   0x800'5618     0x4  startup_stm32f303xc.o [1]
  .text                  ro code   0x800'561c     0x4  startup_stm32f303xc.o [1]
  .text                  ro code   0x800'5620     0x4  startup_stm32f303xc.o [1]
  .text                  ro code   0x800'5624     0x4  startup_stm32f303xc.o [1]
  .text                  ro code   0x800'5628     0x4  startup_stm32f303xc.o [1]
  .text                  ro code   0x800'562c     0x4  startup_stm32f303xc.o [1]
  .text                  ro code   0x800'5630     0x4  startup_stm32f303xc.o [1]
  .text                  ro code   0x800'5634     0x4  startup_stm32f303xc.o [1]
  .text                  ro code   0x800'5638     0x4  startup_stm32f303xc.o [1]
  .text                  ro code   0x800'563c     0x4  startup_stm32f303xc.o [1]
  .text                  ro code   0x800'5640     0x4  startup_stm32f303xc.o [1]
  .text                  ro code   0x800'5644     0x4  startup_stm32f303xc.o [1]
  .text                  ro code   0x800'5648     0x4  startup_stm32f303xc.o [1]
  .text                  ro code   0x800'564c     0x4  startup_stm32f303xc.o [1]
  .text                  ro code   0x800'5650     0x4  startup_stm32f303xc.o [1]
  .text                  ro code   0x800'5654     0x4  startup_stm32f303xc.o [1]
  .text                  ro code   0x800'5658     0x4  startup_stm32f303xc.o [1]
  .text                  ro code   0x800'565c     0x4  startup_stm32f303xc.o [1]
  .text                  ro code   0x800'5660     0x4  startup_stm32f303xc.o [1]
  .text                  ro code   0x800'5664     0x4  startup_stm32f303xc.o [1]
  .text                  ro code   0x800'5668     0x4  startup_stm32f303xc.o [1]
  .text                  ro code   0x800'566c     0x4  startup_stm32f303xc.o [1]
  .text                  ro code   0x800'5670     0x4  startup_stm32f303xc.o [1]
  .text                  ro code   0x800'5674     0x4  startup_stm32f303xc.o [1]
  .text                  ro code   0x800'5678     0x4  startup_stm32f303xc.o [1]
  .text                  ro code   0x800'567c     0x4  startup_stm32f303xc.o [1]
  .text                  ro code   0x800'5680     0x4  startup_stm32f303xc.o [1]
  .text                  ro code   0x800'5684     0x4  startup_stm32f303xc.o [1]
  .text                  ro code   0x800'5688     0x4  startup_stm32f303xc.o [1]
  .text                  ro code   0x800'568c     0x4  startup_stm32f303xc.o [1]
  .text                  ro code   0x800'5690     0x4  startup_stm32f303xc.o [1]
  .text                  ro code   0x800'5694     0x4  startup_stm32f303xc.o [1]
  .text                  ro code   0x800'5698     0x4  startup_stm32f303xc.o [1]
  .text                  ro code   0x800'569c     0x4  startup_stm32f303xc.o [1]
  .text                  ro code   0x800'56a0     0x4  startup_stm32f303xc.o [1]
  .text                  ro code   0x800'56a4     0x4  startup_stm32f303xc.o [1]
  .text                  ro code   0x800'56a8     0x4  startup_stm32f303xc.o [1]
  .text                  ro code   0x800'56ac     0x4  startup_stm32f303xc.o [1]
  .text                  ro code   0x800'56b0     0x4  startup_stm32f303xc.o [1]
  .text                  ro code   0x800'56b4     0x4  startup_stm32f303xc.o [1]
  .text                  ro code   0x800'56b8     0x4  startup_stm32f303xc.o [1]
  .text                  ro code   0x800'56bc     0x4  startup_stm32f303xc.o [1]
  .text                  ro code   0x800'56c0     0x4  startup_stm32f303xc.o [1]
  .text                  ro code   0x800'56c4     0x4  startup_stm32f303xc.o [1]
  .text                  ro code   0x800'56c8     0x4  startup_stm32f303xc.o [1]
  .text                  ro code   0x800'56cc     0x4  startup_stm32f303xc.o [1]
  .text                  ro code   0x800'56d0     0x4  startup_stm32f303xc.o [1]
  SHT$$PREINIT_ARRAY               0x800'56d4     0x0  <Block>
  SHT$$INIT_ARRAY                  0x800'56d4     0x4  <Block>
    .init_array          const     0x800'56d4     0x4  freertos.o [1]
  __iar_tls$$INIT_ARRAY            0x800'56d8     0x0  <Block>
  .rodata                const     0x800'56d8     0x0  zero_init3.o [4]
  .rodata                const     0x800'56d8     0x0  packbits_init_single.o [4]
  Initializer bytes      const     0x800'56d8    0x73  <for P2-1>
                                 - 0x800'574b  0x55c3

"P2", part 1 of 3:                               0xdc
  P2-1                            0x2000'0000    0xdc  <Init block>
    .data                inited   0x2000'0000    0x10  main.o [1]
    .data                inited   0x2000'0010    0x2c  mb.o [1]
    .data                inited   0x2000'003c    0x80  mb.o [1]
    .data                inited   0x2000'00bc     0xc  port.o [1]
    .data                inited   0x2000'00c8     0x4  portserial.o [1]
    .data                inited   0x2000'00cc     0xc  stm32f3xx_hal.o [1]
    .data                inited   0x2000'00d8     0x4  system_stm32f3xx.o [1]
                                - 0x2000'00dc    0xdc

"P2", part 2 of 3:                             0x1e48
  .bss                   zero     0x2000'00dc   0xc18  heap_4.o [1]
  .bss                   zero     0x2000'0cf4   0x800  freertos.o [1]
  .bss                   zero     0x2000'14f4   0x254  freertos.o [1]
  .bss                   zero     0x2000'1748   0x1d4  freertos.o [1]
  .bss                   zero     0x2000'191c   0x100  mbrtu.o [1]
  .bss                   zero     0x2000'1a1c    0xe8  freertos.o [1]
  .bss                   zero     0x2000'1b04    0x9c  tasks.o [1]
  .bss                   zero     0x2000'1ba0    0x8c  tasks.o [1]
  .bss                   zero     0x2000'1c2c    0x84  usart.o [1]
  .bss                   zero     0x2000'1cb0    0x64  spi.o [1]
  .bss                   zero     0x2000'1d14    0x50  adc.o [1]
  .bss                   zero     0x2000'1d64    0x50  adc.o [1]
  .bss                   zero     0x2000'1db4    0x4c  stm32f3xx_hal_timebase_tim.o [1]
  .bss                   zero     0x2000'1e00    0x4c  tim.o [1]
  .bss                   zero     0x2000'1e4c    0x4c  tim.o [1]
  .bss                   zero     0x2000'1e98    0x48  adc.o [1]
  .bss                   zero     0x2000'1ee0    0x22  mbfuncother.o [1]
  .bss                   zero     0x2000'1f02     0x2  portevent.o [1]
  .bss                   zero     0x2000'1f04    0x10  freertos.o [1]
  .bss                   zero     0x2000'1f14     0xc  mbrtu.o [1]
  .bss                   zero     0x2000'1f20     0x4  porttimer.o [1]
                                - 0x2000'1f24  0x1e48

"P2", part 3 of 3:                             0x4000
  CSTACK                          0x2000'1f28  0x4000  <Block>
    CSTACK               uninit   0x2000'1f28  0x4000  <Block tail>
                                - 0x2000'5f28  0x4000

Unused ranges:

         From           To      Size
         ----           --      ----
   0x800'574b   0x803'ffff  0x3'a8b5
  0x2000'1f24  0x2000'1f27       0x4
  0x2000'5f28  0x2000'9fff    0x40d8


*******************************************************************************
*** INIT TABLE
***

          Address      Size
          -------      ----
Zero (__iar_zero_init3)
    1 destination range, total size 0x1e48:
          0x2000'00dc  0x1e48

Copy/packbits (__iar_packbits_init_single3)
    1 source range, total size 0x73 (52% of destination):
           0x800'56d8    0x73
    1 destination range, total size 0xdc:
          0x2000'0000    0xdc

Extra (__iar_cstart_call_ctors)



*******************************************************************************
*** MODULE SUMMARY
***

    Module                        ro code  ro data  rw data
    ------                        -------  -------  -------
command line/config:
    -------------------------------------------------------
    Total:

D:\Radio\Jobe\GP2Y0A02YK0Fv2\f303C_sens\EWARM\f303C_sens\Obj: [1]
    adc.o                             464               232
    cmsis_os.o                        348
    dma.o                              48
    filter_sma.o                      122
    flash_user.o                      168
    freertos.o                        620       24    3'360
    gpio.o                            176
    heap_4.o                          436             3'096
    list.o                            146
    main.o                            286        8       16
    mb.o                              304       90      172
    mbcrc.o                            48      512
    mbfunccoils.o                     294
    mbfuncdisc.o                      112
    mbfuncholding.o                   386
    mbfuncinput.o                      96
    mbfuncother.o                      32                34
    mbrtu.o                           640      172      268
    mbutils.o                          24
    port.o                            500        6       12
    portasm.o                         176
    portevent.o                        48                 2
    portserial.o                      188        2        4
    porttimer.o                       108                 4
    queue.o                         1'508
    sensor.o                          172
    spi.o                             184               100
    startup_stm32f303xc.o             656
    stm32f3xx_hal.o                    64        6       12
    stm32f3xx_hal_adc.o                 4
    stm32f3xx_hal_adc_ex.o          2'312
    stm32f3xx_hal_cortex.o            188
    stm32f3xx_hal_dma.o               616
    stm32f3xx_hal_gpio.o              680
    stm32f3xx_hal_msp.o                60
    stm32f3xx_hal_rcc.o             1'288
    stm32f3xx_hal_rcc_ex.o            436
    stm32f3xx_hal_spi.o               244
    stm32f3xx_hal_tim.o             1'592
    stm32f3xx_hal_tim_ex.o            146
    stm32f3xx_hal_timebase_tim.o      120                76
    stm32f3xx_hal_uart.o            1'994
    stm32f3xx_hal_uart_ex.o           148
    stm32f3xx_it.o                    172
    system_stm32f3xx.o                 32       11        4
    tasks.o                         2'132               296
    tim.o                             280               152
    usart.o                           228               132
    -------------------------------------------------------
    Total:                         21'026      831    7'972

dl7M_tlf.a: [2]
    abort.o                             6
    cppinit.o                          24
    exit.o                              4
    low_level_init.o                    4
    -------------------------------------------------------
    Total:                             38

m7M_tls.a: [3]
    fpinit_M.o                         34
    -------------------------------------------------------
    Total:                             34

rt7M_tl.a: [4]
    ABImemclr.o                         6
    ABImemcpy_small.o                  24
    ABImemset_small.o                  18
    cexit.o                            10
    cmain.o                            30
    cmain_call_ctors.o                 32
    cstartup_M.o                       12
    data_init.o                        40
    memset.o                           20
    packbits_init_single.o             56
    zero_init3.o                       58
    -------------------------------------------------------
    Total:                            306

shb_l.a: [5]
    ABIassert.o                        36
    exit.o                             20
    unwind_debug.o                               1
    -------------------------------------------------------
    Total:                             56        1

    Gaps                               15        4
    Linker created                              36   16'384
-----------------------------------------------------------
    Grand Total:                   21'475      872   24'356


*******************************************************************************
*** ENTRY LIST
***

Entry                       Address   Size  Type      Object
-----                       -------   ----  ----      ------
.iar.init_table$$Base    0x800'54d4          --   Gb  - Linker created -
.iar.init_table$$Limit   0x800'54f8          --   Gb  - Linker created -
?main                    0x800'5571         Code  Gb  cmain.o [4]
ADC_DMAConvCplt          0x800'0947   0x44  Code  Lc  stm32f3xx_hal_adc_ex.o [1]
ADC_DMAError             0x800'0991   0x16  Code  Lc  stm32f3xx_hal_adc_ex.o [1]
ADC_DMAHalfConvCplt      0x800'098b    0x6  Code  Lc  stm32f3xx_hal_adc_ex.o [1]
ADC_Disable              0x800'09fb   0x64  Code  Lc  stm32f3xx_hal_adc_ex.o [1]
ADC_Enable               0x800'09a7   0x54  Code  Lc  stm32f3xx_hal_adc_ex.o [1]
ADC_endHandle           0x2000'1f10    0x4  Data  Gb  freertos.o [1]
AHBPrescTable            0x800'5528   0x10  Data  Gb  system_stm32f3xx.o [1]
APBPrescTable            0x800'55d4    0x8  Data  Gb  system_stm32f3xx.o [1]
BusFault_Handler         0x800'52db    0x2  Code  Gb  stm32f3xx_it.o [1]
CSTACK$$Base            0x2000'1f28          --   Gb  - Linker created -
CSTACK$$Limit           0x2000'5f28          --   Gb  - Linker created -
DMA1_Channel1_IRQHandler
                         0x800'52e1    0x6  Code  Gb  stm32f3xx_it.o [1]
DMA_CalcBaseAndBitshift
                         0x800'0e85   0x2e  Code  Lc  stm32f3xx_hal_dma.o [1]
DMA_SetConfig            0x800'0e63   0x22  Code  Lc  stm32f3xx_hal_dma.o [1]
DebugMon_Handler         0x800'52df    0x2  Code  Gb  stm32f3xx_it.o [1]
Error_Handler            0x800'1275    0x2  Code  Gb  main.o [1]
Flash_Read(settings_t *, unsigned int)
                         0x800'248f   0x12  Code  Gb  flash_user.o [1]
Flash_Write(settings_t, unsigned int)
                         0x800'245d   0x32  Code  Gb  flash_user.o [1]
HAL_ADCEx_MultiModeConfigChannel
                         0x800'0859   0xe4  Code  Gb  stm32f3xx_hal_adc_ex.o [1]
HAL_ADC_ConfigChannel    0x800'0535  0x2ec  Code  Gb  stm32f3xx_hal_adc_ex.o [1]
HAL_ADC_ConvCpltCallback
                         0x800'0ff9    0x8  Code  Gb  freertos.o [1]
HAL_ADC_ConvHalfCpltCallback
                         0x800'1135    0x2  Code  Wk  stm32f3xx_hal_adc.o [1]
HAL_ADC_ErrorCallback    0x800'1137    0x2  Code  Wk  stm32f3xx_hal_adc.o [1]
HAL_ADC_Init             0x800'0189  0x216  Code  Gb  stm32f3xx_hal_adc_ex.o [1]
HAL_ADC_MspInit          0x800'0b95   0x72  Code  Gb  adc.o [1]
HAL_ADC_Start_DMA        0x800'03ab  0x12a  Code  Gb  stm32f3xx_hal_adc_ex.o [1]
HAL_DMA_Abort            0x800'0d23   0x40  Code  Gb  stm32f3xx_hal_dma.o [1]
HAL_DMA_Abort_IT         0x800'0d63   0x40  Code  Gb  stm32f3xx_hal_dma.o [1]
HAL_DMA_IRQHandler       0x800'0db3   0xa6  Code  Gb  stm32f3xx_hal_dma.o [1]
HAL_DMA_Init             0x800'0c61   0x4e  Code  Gb  stm32f3xx_hal_dma.o [1]
HAL_DMA_Start_IT         0x800'0caf   0x74  Code  Gb  stm32f3xx_hal_dma.o [1]
HAL_GPIO_DeInit          0x800'144f   0xe4  Code  Gb  stm32f3xx_hal_gpio.o [1]
HAL_GPIO_Init            0x800'12b1  0x19e  Code  Gb  stm32f3xx_hal_gpio.o [1]
HAL_GPIO_WritePin        0x800'1533    0xa  Code  Gb  stm32f3xx_hal_gpio.o [1]
HAL_GetTick              0x800'1139    0xc  Code  Wk  stm32f3xx_hal.o [1]
HAL_IncTick              0x800'2a85   0x10  Code  Wk  stm32f3xx_hal.o [1]
HAL_Init                 0x800'2519   0x20  Code  Gb  stm32f3xx_hal.o [1]
HAL_InitTick             0x800'2a95   0x68  Code  Gb  stm32f3xx_hal_timebase_tim.o [1]
HAL_MspInit              0x800'3cc9   0x3c  Code  Gb  stm32f3xx_hal_msp.o [1]
HAL_NVIC_DisableIRQ      0x800'3c91   0x1e  Code  Gb  stm32f3xx_hal_cortex.o [1]
HAL_NVIC_EnableIRQ       0x800'3c7b   0x16  Code  Gb  stm32f3xx_hal_cortex.o [1]
HAL_NVIC_SetPriority     0x800'3c41   0x3a  Code  Gb  stm32f3xx_hal_cortex.o [1]
HAL_NVIC_SetPriorityGrouping
                         0x800'3c27   0x1a  Code  Gb  stm32f3xx_hal_cortex.o [1]
HAL_RCCEx_PeriphCLKConfig
                         0x800'28d1  0x1a8  Code  Gb  stm32f3xx_hal_rcc_ex.o [1]
HAL_RCC_ADC12_CLK_ENABLED
                        0x2000'1edc    0x4  Data  Lc  adc.o [1]
HAL_RCC_ClockConfig      0x800'1869   0xde  Code  Gb  stm32f3xx_hal_rcc.o [1]
HAL_RCC_GetClockConfig   0x800'19d7   0x36  Code  Gb  stm32f3xx_hal_rcc.o [1]
HAL_RCC_GetHCLKFreq      0x800'19ad    0x6  Code  Gb  stm32f3xx_hal_rcc.o [1]
HAL_RCC_GetPCLK1Freq     0x800'19b3   0x10  Code  Gb  stm32f3xx_hal_rcc.o [1]
HAL_RCC_GetPCLK2Freq     0x800'19c3    0xe  Code  Gb  stm32f3xx_hal_rcc.o [1]
HAL_RCC_GetSysClockFreq
                         0x800'1965   0x48  Code  Gb  stm32f3xx_hal_rcc.o [1]
HAL_RCC_OscConfig        0x800'1559  0x308  Code  Gb  stm32f3xx_hal_rcc.o [1]
HAL_RS485Ex_Init         0x800'3df9   0x7a  Code  Gb  stm32f3xx_hal_uart_ex.o [1]
HAL_SPI_Init             0x800'3d05   0xdc  Code  Gb  stm32f3xx_hal_spi.o [1]
HAL_SPI_MspInit          0x800'2663   0x60  Code  Gb  spi.o [1]
HAL_TIMEx_Break2Callback
                         0x800'394b    0x2  Code  Wk  stm32f3xx_hal_tim_ex.o [1]
HAL_TIMEx_BreakCallback
                         0x800'3949    0x2  Code  Wk  stm32f3xx_hal_tim_ex.o [1]
HAL_TIMEx_CommutCallback
                         0x800'394f    0x2  Code  Wk  stm32f3xx_hal_tim_ex.o [1]
HAL_TIMEx_MasterConfigSynchronization
                         0x800'3e8d   0x76  Code  Gb  stm32f3xx_hal_tim_ex.o [1]
HAL_TIM_Base_Init        0x800'1c81   0x1a  Code  Gb  stm32f3xx_hal_tim.o [1]
HAL_TIM_Base_MspInit     0x800'2889   0x34  Code  Gb  tim.o [1]
HAL_TIM_Base_Start_IT    0x800'1c9b   0x74  Code  Gb  stm32f3xx_hal_tim.o [1]
HAL_TIM_Base_Stop_IT     0x800'1d0f   0x1e  Code  Gb  stm32f3xx_hal_tim.o [1]
HAL_TIM_IRQHandler       0x800'1da5  0x15c  Code  Gb  stm32f3xx_hal_tim.o [1]
HAL_TIM_OC_ConfigChannel
                         0x800'1f07   0x68  Code  Gb  stm32f3xx_hal_tim.o [1]
HAL_TIM_OC_Init          0x800'1d41   0x18  Code  Gb  stm32f3xx_hal_tim.o [1]
HAL_TIM_OC_MspInit       0x800'2867   0x22  Code  Gb  tim.o [1]
HAL_TIM_PeriodElapsedCallback
                         0x800'125b    0xe  Code  Gb  main.o [1]
HAL_UARTEx_WakeupCallback
                         0x800'3e8b    0x2  Code  Wk  stm32f3xx_hal_uart_ex.o [1]
HAL_UART_DeInit          0x800'44d1   0x3e  Code  Gb  stm32f3xx_hal_uart.o [1]
HAL_UART_IRQHandler      0x800'4607  0x252  Code  Gb  stm32f3xx_hal_uart.o [1]
HAL_UART_MspDeInit       0x800'277d   0x2c  Code  Gb  usart.o [1]
HAL_UART_MspInit         0x800'270b   0x72  Code  Gb  usart.o [1]
HAL_UART_Transmit        0x800'450f   0xb8  Code  Gb  stm32f3xx_hal_uart.o [1]
HardFault_Handler        0x800'52d7    0x2  Code  Gb  stm32f3xx_it.o [1]
MX_ADC1_Init             0x800'0a91   0x92  Code  Gb  adc.o [1]
MX_ADC2_Init             0x800'0b23   0x68  Code  Gb  adc.o [1]
MX_DMA_Init              0x800'25ed   0x30  Code  Gb  dma.o [1]
MX_FREERTOS_Init()       0x800'0f05   0x48  Code  Gb  freertos.o [1]
MX_GPIO_Init             0x800'253d   0x94  Code  Gb  gpio.o [1]
MX_SPI2_Init             0x800'261d   0x46  Code  Gb  spi.o [1]
MX_TIM3_Init             0x800'27b9   0x6a  Code  Gb  tim.o [1]
MX_TIM6_Init             0x800'2823   0x3a  Code  Gb  tim.o [1]
MX_USART1_UART_Init      0x800'26d5   0x36  Code  Gb  usart.o [1]
MainTaskHandle          0x2000'1f08    0x4  Data  Gb  freertos.o [1]
MemManage_Handler        0x800'52d9    0x2  Code  Gb  stm32f3xx_it.o [1]
ModbusHandle            0x2000'1f0c    0x4  Data  Gb  freertos.o [1]
NMI_Handler              0x800'52d5    0x2  Code  Gb  stm32f3xx_it.o [1]
PendSV_Handler           0x800'4c95         Code  Gb  portasm.o [1]
Region$$Table$$Base      0x800'54d4          --   Gb  - Linker created -
Region$$Table$$Limit     0x800'54f8          --   Gb  - Linker created -
SHT$$INIT_ARRAY$$Base    0x800'56d4          --   Gb  - Linker created -
SHT$$INIT_ARRAY$$Limit   0x800'56d8          --   Gb  - Linker created -
SHT$$PREINIT_ARRAY$$Base
                         0x800'56d4          --   Gb  - Linker created -
SHT$$PREINIT_ARRAY$$Limit
                         0x800'56d4          --   Gb  - Linker created -
SVC_Handler              0x800'4ced         Code  Gb  portasm.o [1]
Sensor1                 0x2000'1a1c   0xe8  Data  Gb  freertos.o [1]
Sensor2                 0x2000'174c   0xe8  Data  Gb  freertos.o [1]
Sensor3                 0x2000'1834   0xe8  Data  Gb  freertos.o [1]
SysTick_Handler          0x800'429d   0x26  Code  Gb  port.o [1]
SystemClock_Config()     0x800'11e9   0x72  Code  Gb  main.o [1]
SystemCoreClock         0x2000'00d8    0x4  Data  Gb  system_stm32f3xx.o [1]
SystemInit               0x800'5519    0xc  Code  Gb  system_stm32f3xx.o [1]
TIM6_DAC_IRQHandler      0x800'5327   0x34  Code  Gb  stm32f3xx_it.o [1]
TIM7_IRQHandler          0x800'535b    0x6  Code  Gb  stm32f3xx_it.o [1]
TIM_Base_SetConfig       0x800'1f81   0xa0  Code  Gb  stm32f3xx_hal_tim.o [1]
TIM_OC1_SetConfig        0x800'2021   0x82  Code  Lc  stm32f3xx_hal_tim.o [1]
TIM_OC2_SetConfig        0x800'20a3   0x72  Code  Gb  stm32f3xx_hal_tim.o [1]
TIM_OC3_SetConfig        0x800'2115   0x70  Code  Lc  stm32f3xx_hal_tim.o [1]
TIM_OC4_SetConfig        0x800'2185   0x4e  Code  Lc  stm32f3xx_hal_tim.o [1]
TIM_OC5_SetConfig        0x800'21d3   0x54  Code  Lc  stm32f3xx_hal_tim.o [1]
TIM_OC6_SetConfig        0x800'2227   0x4e  Code  Lc  stm32f3xx_hal_tim.o [1]
UART_AdvFeatureConfig    0x800'4a45   0xc6  Code  Gb  stm32f3xx_hal_uart.o [1]
UART_CheckIdleState      0x800'4b0b   0x5c  Code  Gb  stm32f3xx_hal_uart.o [1]
UART_DMAAbortOnError     0x800'4c85   0x10  Code  Lc  stm32f3xx_hal_uart.o [1]
UART_EndRxTransfer       0x800'4c1b   0x26  Code  Lc  stm32f3xx_hal_uart.o [1]
UART_SetConfig           0x800'4881  0x1a0  Code  Gb  stm32f3xx_hal_uart.o [1]
UART_WaitOnFlagUntilTimeout
                         0x800'4b67   0x78  Code  Gb  stm32f3xx_hal_uart.o [1]
USART1_IRQHandler        0x800'52e7   0x40  Code  Gb  stm32f3xx_it.o [1]
UsageFault_Handler       0x800'52dd    0x2  Code  Gb  stm32f3xx_it.o [1]
__NVIC_SetPriority       0x800'3c0d   0x1a  Code  Lc  stm32f3xx_hal_cortex.o [1]
__aeabi_assert           0x800'447d   0x24  Code  Gb  ABIassert.o [5]
__aeabi_memclr           0x800'3955         Code  Gb  ABImemclr.o [4]
__call_ctors             0x800'5559   0x18  Code  Gb  cppinit.o [2]
__cmain                  0x800'5571         Code  Gb  cmain.o [4]
__exit                   0x800'4d51   0x14  Code  Gb  exit.o [5]
__iar_cstart_call_ctors
                         0x800'5539   0x20  Code  Gb  cmain_call_ctors.o [4]
__iar_data_init3         0x800'5489   0x28  Code  Gb  data_init.o [4]
__iar_debug_exceptions   0x800'232a    0x1  Data  Gb  unwind_debug.o [5]
__iar_init_vfp           0x800'54b1         Code  Gb  fpinit_M.o [3]
__iar_packbits_init_single3
                         0x800'5451   0x38  Code  Gb  packbits_init_single.o [4]
__iar_program_start      0x800'55c1         Code  Gb  cstartup_M.o [4]
__iar_small_Memcpy       0x800'1c6d         Code  Gb  ABImemcpy_small.o [4]
__iar_small_Memset       0x800'2505         Code  Gb  ABImemset_small.o [4]
__iar_small_Memset_word
                         0x800'2505         Code  Gb  ABImemset_small.o [4]
__iar_small_memcpy       0x800'1c69         Code  Gb  ABImemcpy_small.o [4]
__iar_small_memcpy4      0x800'1c69         Code  Gb  ABImemcpy_small.o [4]
__iar_small_memcpy8      0x800'1c69         Code  Gb  ABImemcpy_small.o [4]
__iar_small_memset       0x800'2505         Code  Gb  ABImemset_small.o [4]
__iar_tls$$INIT_ARRAY$$Base
                         0x800'56d8          --   Gb  - Linker created -
__iar_tls$$INIT_ARRAY$$Limit
                         0x800'56d8          --   Gb  - Linker created -
__iar_zero_init3         0x800'1277   0x3a  Code  Gb  zero_init3.o [4]
__low_level_init         0x800'558f    0x4  Code  Gb  low_level_init.o [2]
__sti__routine           0x800'0ec9   0x2a  Code  Lc  freertos.o [1]
__vector_table           0x800'0000         Data  Gb  startup_stm32f303xc.o [1]
_call_main               0x800'557d         Code  Gb  cmain.o [4]
_exit                    0x800'5599         Code  Gb  cexit.o [4]
_main                    0x800'558b         Code  Gb  cmain.o [4]
aPLLMULFactorTable       0x800'1a40   0x10  Data  Gb  stm32f3xx_hal_rcc.o [1]
aPredivFactorTable       0x800'1a50   0x10  Data  Gb  stm32f3xx_hal_rcc.o [1]
abort                    0x800'4d45    0x6  Code  Gb  abort.o [2]
adc_buffer              0x2000'0cf4  0x800  Data  Gb  freertos.o [1]
aucCRCHi                 0x800'4d64  0x100  Data  Lc  mbcrc.o [1]
aucCRCLo                 0x800'4e64  0x100  Data  Lc  mbcrc.o [1]
call                    0x2000'1f04    0x2  Data  Gb  freertos.o [1]
downcounter             0x2000'1f22    0x2  Data  Gb  porttimer.o [1]
eMBEnable                0x800'2385   0x1a  Code  Gb  mb.o [1]
eMBFuncReadCoils         0x800'5101   0x68  Code  Gb  mbfunccoils.o [1]
eMBFuncReadDiscreteInputs
                         0x800'5381   0x70  Code  Gb  mbfuncdisc.o [1]
eMBFuncReadHoldingRegister
                         0x800'4fe9   0x5c  Code  Gb  mbfuncholding.o [1]
eMBFuncReadInputRegister
                         0x800'53f1   0x60  Code  Gb  mbfuncinput.o [1]
eMBFuncReadWriteMultipleHoldingRegister
                         0x800'5045   0xa2  Code  Gb  mbfuncholding.o [1]
eMBFuncReportSlaveID     0x800'54f9   0x18  Code  Gb  mbfuncother.o [1]
eMBFuncWriteCoil         0x800'5169   0x54  Code  Gb  mbfunccoils.o [1]
eMBFuncWriteHoldingRegister
                         0x800'4f65   0x32  Code  Gb  mbfuncholding.o [1]
eMBFuncWriteMultipleCoils
                         0x800'51bd   0x5a  Code  Gb  mbfunccoils.o [1]
eMBFuncWriteMultipleHoldingRegister
                         0x800'4f97   0x52  Code  Gb  mbfuncholding.o [1]
eMBInit                  0x800'232d   0x58  Code  Gb  mb.o [1]
eMBPoll                  0x800'239f   0x98  Code  Gb  mb.o [1]
eMBPoll::ucFunctionCode
                        0x2000'0013    0x1  Data  Lc  mb.o [1]
eMBPoll::ucMBFrame      0x2000'0038    0x4  Data  Lc  mb.o [1]
eMBPoll::ucRcvAddress   0x2000'0012    0x1  Data  Lc  mb.o [1]
eMBPoll::usLength       0x2000'0014    0x2  Data  Lc  mb.o [1]
eMBRTUInit               0x800'395d   0x3a  Code  Gb  mbrtu.o [1]
eMBRTUReceive            0x800'39c1   0x56  Code  Gb  mbrtu.o [1]
eMBRTUSend               0x800'3a17   0x50  Code  Gb  mbrtu.o [1]
eMBRTUStart              0x800'3997   0x16  Code  Gb  mbrtu.o [1]
eMBRTUStop               0x800'39ad   0x14  Code  Gb  mbrtu.o [1]
eMBRegCoilsCB            0x800'10ed    0x4  Code  Gb  freertos.o [1]
eMBRegDiscreteCB         0x800'10f1    0x4  Code  Gb  freertos.o [1]
eMBRegHoldingCB          0x800'1005   0xc0  Code  Gb  freertos.o [1]
eMBRegInputCB            0x800'1001    0x4  Code  Gb  freertos.o [1]
eMBState                0x2000'0011    0x1  Data  Lc  mb.o [1]
eQueuedEvent            0x2000'1f02    0x1  Data  Lc  portevent.o [1]
eRcvState               0x2000'1f15    0x1  Data  Lc  mbrtu.o [1]
eSndState               0x2000'1f14    0x1  Data  Lc  mbrtu.o [1]
exit                     0x800'5593    0x4  Code  Gb  exit.o [2]
filter::Filter_SMA(unsigned short)
                         0x800'22b3   0x5e  Code  Gb  filter_sma.o [1]
filter::filter()         0x800'2311   0x1a  Code  Gb  filter_sma.o [1]
filter::filter() [subobject]
                         0x800'22b1    0x2  Code  Gb  filter_sma.o [1]
flash_erase_page(unsigned int)
                         0x800'24a1   0x24  Code  Gb  flash_user.o [1]
flash_write(unsigned int, unsigned int)
                         0x800'24c5   0x2e  Code  Gb  flash_user.o [1]
freqSens                0x2000'1748    0x4  Data  Gb  freertos.o [1]
hadc1                   0x2000'1d14   0x50  Data  Gb  adc.o [1]
hadc2                   0x2000'1d64   0x50  Data  Gb  adc.o [1]
hdma_adc1               0x2000'1e98   0x44  Data  Gb  adc.o [1]
hspi2                   0x2000'1cb0   0x64  Data  Gb  spi.o [1]
htim3                   0x2000'1e00   0x4c  Data  Gb  tim.o [1]
htim6                   0x2000'1e4c   0x4c  Data  Gb  tim.o [1]
htim7                   0x2000'1db4   0x4c  Data  Gb  stm32f3xx_hal_timebase_tim.o [1]
huart1                  0x2000'1c2c   0x84  Data  Gb  usart.o [1]
main                     0x800'1159   0x90  Code  Gb  main.o [1]
mainTask(void const *)   0x800'0f4d   0x82  Code  Gb  freertos.o [1]
makeFreeRtosPriority     0x800'1b0d    0xc  Code  Lc  cmsis_os.o [1]
memset                   0x800'1145   0x14  Code  Gb  memset.o [4]
modbus(void const *)     0x800'0fdb   0x1e  Code  Gb  freertos.o [1]
osDelay                  0x800'1b81    0xe  Code  Gb  cmsis_os.o [1]
osKernelStart            0x800'1b19    0xa  Code  Gb  cmsis_os.o [1]
osSemaphoreCreate        0x800'1b8f   0x3e  Code  Gb  cmsis_os.o [1]
osSemaphoreRelease       0x800'1c1b   0x36  Code  Gb  cmsis_os.o [1]
osSemaphoreWait          0x800'1bcd   0x42  Code  Gb  cmsis_os.o [1]
osThreadCreate           0x800'1b23   0x5e  Code  Gb  cmsis_os.o [1]
peMBFrameReceiveCur     0x2000'0024    0x4  Data  Lc  mb.o [1]
peMBFrameSendCur        0x2000'0018    0x4  Data  Lc  mb.o [1]
prvAddCurrentTaskToDelayedList
                         0x800'32e5   0x5e  Code  Lc  tasks.o [1]
prvAddNewTaskToReadyList
                         0x800'2c3d   0xa8  Code  Lc  tasks.o [1]
prvCopyDataFromQueue     0x800'389b   0x28  Code  Lc  queue.o [1]
prvCopyDataToQueue       0x800'3833   0x68  Code  Lc  queue.o [1]
prvDeleteTCB             0x800'309b   0x2e  Code  Lc  tasks.o [1]
prvIdleTask              0x800'3059   0x42  Code  Lc  tasks.o [1]
prvInitialiseNewQueue    0x800'3475   0x16  Code  Lc  queue.o [1]
prvInitialiseNewTask     0x800'2bc5   0x78  Code  Lc  tasks.o [1]
prvInsertBlockIntoFreeList
                         0x800'407f   0x46  Code  Lc  heap_4.o [1]
prvIsQueueEmpty          0x800'392b   0x16  Code  Lc  queue.o [1]
prvResetNextTaskUnblockTime
                         0x800'30c9   0x1a  Code  Lc  tasks.o [1]
prvTaskExitError         0x800'4189   0x1c  Code  Lc  port.o [1]
prvUnlockQueue           0x800'38c3   0x68  Code  Lc  queue.o [1]
prveMBError2Exception    0x800'50e9   0x18  Code  Gb  mbutils.o [1]
pucSndBufferCur         0x2000'1f1c    0x4  Data  Lc  mbrtu.o [1]
pvMBFrameCloseCur       0x2000'0028    0x4  Data  Lc  mb.o [1]
pvMBFrameStartCur       0x2000'001c    0x4  Data  Lc  mb.o [1]
pvMBFrameStopCur        0x2000'0020    0x4  Data  Lc  mb.o [1]
pvPortMalloc             0x800'3f19  0x104  Code  Gb  heap_4.o [1]
pvTaskIncrementMutexHeldCount
                         0x800'32ab   0x14  Code  Gb  tasks.o [1]
pxCurrentTCB            0x2000'1b2c    0x4  Data  Gb  tasks.o [1]
pxDelayedTaskList       0x2000'1b30    0x4  Data  Lc  tasks.o [1]
pxEnd                   0x2000'00e4    0x4  Data  Lc  heap_4.o [1]
pxMBFrameCBByteReceived
                        0x2000'002c    0x4  Data  Gb  mb.o [1]
pxMBFrameCBTransmitterEmpty
                        0x2000'0030    0x4  Data  Gb  mb.o [1]
pxMBPortCBTimerExpired  0x2000'0034    0x4  Data  Gb  mb.o [1]
pxOverflowDelayedTaskList
                        0x2000'1b34    0x4  Data  Lc  tasks.o [1]
pxPortInitialiseStack    0x800'4161   0x26  Code  Gb  port.o [1]
pxReadyTasksLists       0x2000'1ba0   0x8c  Data  Lc  tasks.o [1]
sensor::Call(unsigned short *)
                         0x800'1ac5   0x36  Code  Gb  sensor.o [1]
sensor::Get_Result()     0x800'1b01    0x6  Code  Gb  sensor.o [1]
sensor::detectPoll()     0x800'1a89   0x3c  Code  Gb  sensor.o [1]
sensor::getdetect()      0x800'1afb    0x6  Code  Gb  sensor.o [1]
sensor::sensor()         0x800'1a61   0x28  Code  Gb  sensor.o [1]
sensor::setTimeCall(unsigned int)
                         0x800'1b07    0x6  Code  Gb  sensor.o [1]
serial                  0x2000'00c8    0x4  Data  Gb  portserial.o [1]
settings                0x2000'0000   0x10  Data  Gb  main.o [1]
timeout                 0x2000'1f20    0x2  Data  Gb  porttimer.o [1]
ucHeap                  0x2000'00f4  0xc00  Data  Lc  heap_4.o [1]
ucMBAddress             0x2000'0010    0x1  Data  Lc  mb.o [1]
ucMBSlaveID             0x2000'1ee0   0x20  Data  Lc  mbfuncother.o [1]
ucMaxSysCallPriority    0x2000'00bc    0x1  Data  Lc  port.o [1]
ucRTUBuf                0x2000'191c  0x100  Data  Gb  mbrtu.o [1]
ulMaxPRIGROUPValue      0x2000'00c4    0x4  Data  Lc  port.o [1]
usMBCRC16                0x800'44a1   0x30  Code  Gb  mbcrc.o [1]
usMBSlaveIDLen          0x2000'1f00    0x2  Data  Lc  mbfuncother.o [1]
usRcvBufferPos          0x2000'1f18    0x2  Data  Lc  mbrtu.o [1]
usSndBufferCount        0x2000'1f16    0x2  Data  Lc  mbrtu.o [1]
uwTick                  0x2000'00d0    0x4  Data  Gb  stm32f3xx_hal.o [1]
uwTickFreq              0x2000'00cc    0x1  Data  Gb  stm32f3xx_hal.o [1]
uwTickPrio              0x2000'00d4    0x4  Data  Gb  stm32f3xx_hal.o [1]
uxCriticalNesting       0x2000'00c0    0x4  Data  Lc  port.o [1]
uxCurrentNumberOfTasks  0x2000'1b50    0x4  Data  Lc  tasks.o [1]
uxDeletedTasksWaitingCleanUp
                        0x2000'1b38    0x4  Data  Lc  tasks.o [1]
uxListRemove             0x800'4139   0x26  Code  Gb  list.o [1]
uxPendedTicks           0x2000'1b60    0x4  Data  Lc  tasks.o [1]
uxSchedulerSuspended    0x2000'1b74    0x4  Data  Lc  tasks.o [1]
uxTaskNumber            0x2000'1b6c    0x4  Data  Lc  tasks.o [1]
uxTopReadyPriority      0x2000'1b58    0x4  Data  Lc  tasks.o [1]
vApplicationGetIdleTaskMemory
                         0x800'0ef3   0x10  Code  Gb  freertos.o [1]
vListInitialise          0x800'40cd   0x1a  Code  Gb  list.o [1]
vListInitialiseItem      0x800'40e7    0x6  Code  Gb  list.o [1]
vListInsert              0x800'4107   0x32  Code  Gb  list.o [1]
vListInsertEnd           0x800'40ed   0x1a  Code  Gb  list.o [1]
vMBPortSerialEnable      0x800'4355   0x30  Code  Gb  portserial.o [1]
vMBPortTimersDisable     0x800'4465    0x6  Code  Gb  porttimer.o [1]
vMBPortTimersEnable      0x800'4459    0xc  Code  Gb  porttimer.o [1]
vPortEnableVFP           0x800'4d29         Code  Gb  portasm.o [1]
vPortEnterCritical       0x800'4249   0x32  Code  Gb  port.o [1]
vPortExitCritical        0x800'427b   0x22  Code  Gb  port.o [1]
vPortFree                0x800'402b   0x46  Code  Gb  heap_4.o [1]
vPortStartFirstTask      0x800'4d09         Code  Gb  portasm.o [1]
vPortValidateInterruptPriority
                         0x800'42c5   0x34  Code  Gb  port.o [1]
vTaskDelay               0x800'2ce5   0x2e  Code  Gb  tasks.o [1]
vTaskInternalSetTimeOutState
                         0x800'2fdb    0xe  Code  Gb  tasks.o [1]
vTaskMissedYield         0x800'304f    0xa  Code  Gb  tasks.o [1]
vTaskPlaceOnEventList    0x800'2f41   0x26  Code  Gb  tasks.o [1]
vTaskPriorityDisinheritAfterTimeout
                         0x800'3215   0x88  Code  Gb  tasks.o [1]
vTaskStartScheduler      0x800'2d23   0x54  Code  Gb  tasks.o [1]
vTaskSuspendAll          0x800'2d7f    0xc  Code  Gb  tasks.o [1]
vTaskSwitchContext       0x800'2eef   0x52  Code  Gb  tasks.o [1]
xBlockAllocatedBit      0x2000'00f0    0x4  Data  Lc  heap_4.o [1]
xDelayedTaskList1       0x2000'1b78   0x14  Data  Lc  tasks.o [1]
xDelayedTaskList2       0x2000'1b8c   0x14  Data  Lc  tasks.o [1]
xEventInQueue           0x2000'1f03    0x1  Data  Lc  portevent.o [1]
xFreeBytesRemaining     0x2000'00e8    0x4  Data  Lc  heap_4.o [1]
xFuncHandlers           0x2000'003c   0x80  Data  Lc  mb.o [1]
xIdleStack              0x2000'1548  0x200  Data  Lc  freertos.o [1]
xIdleTaskTCBBuffer      0x2000'14f4   0x54  Data  Lc  freertos.o [1]
xMBPortEventGet          0x800'3bf3   0x16  Code  Gb  portevent.o [1]
xMBPortEventInit         0x800'3bdd    0xa  Code  Gb  portevent.o [1]
xMBPortEventPost         0x800'3be7    0xc  Code  Gb  portevent.o [1]
xMBPortSerialGetByte     0x800'43f9    0xe  Code  Gb  portserial.o [1]
xMBPortSerialInit        0x800'4385   0x5c  Code  Gb  portserial.o [1]
xMBPortSerialPutByte     0x800'43e1   0x18  Code  Gb  portserial.o [1]
xMBPortTimersInit        0x800'4411   0x48  Code  Gb  porttimer.o [1]
xMBRTUReceiveFSM         0x800'3a69   0x52  Code  Gb  mbrtu.o [1]
xMBRTUTimerT35Expired    0x800'3b2d   0x50  Code  Gb  mbrtu.o [1]
xMBRTUTransmitFSM        0x800'3ac9   0x5c  Code  Gb  mbrtu.o [1]
xMinimumEverFreeBytesRemaining
                        0x2000'00ec    0x4  Data  Lc  heap_4.o [1]
xNextTaskUnblockTime    0x2000'1b70    0x4  Data  Lc  tasks.o [1]
xNumOfOverflows         0x2000'1b68    0x4  Data  Lc  tasks.o [1]
xPendingReadyList       0x2000'1b04   0x14  Data  Lc  tasks.o [1]
xPortStartScheduler      0x800'41a5   0xa4  Code  Gb  port.o [1]
xQueueGenericCreate      0x800'3437   0x3e  Code  Gb  queue.o [1]
xQueueGenericCreateStatic
                         0x800'33d9   0x5e  Code  Gb  queue.o [1]
xQueueGenericReset       0x800'3361   0x78  Code  Gb  queue.o [1]
xQueueGenericSend        0x800'348b  0x122  Code  Gb  queue.o [1]
xQueueGiveFromISR        0x800'35b5   0x70  Code  Gb  queue.o [1]
xQueueReceiveFromISR     0x800'37a1   0x82  Code  Gb  queue.o [1]
xQueueSemaphoreTake      0x800'3643  0x128  Code  Gb  queue.o [1]
xSchedulerRunning       0x2000'1b5c    0x4  Data  Lc  tasks.o [1]
xStart                  0x2000'00dc    0x8  Data  Lc  heap_4.o [1]
xSuspendedTaskList      0x2000'1b3c   0x14  Data  Lc  tasks.o [1]
xTaskCheckForTimeOut     0x800'2fe9   0x66  Code  Gb  tasks.o [1]
xTaskCreate              0x800'2b69   0x5c  Code  Gb  tasks.o [1]
xTaskCreateStatic        0x800'2b0d   0x5c  Code  Gb  tasks.o [1]
xTaskGetSchedulerState   0x800'30e3   0x18  Code  Gb  tasks.o [1]
xTaskIncrementTick       0x800'2e33   0xbc  Code  Gb  tasks.o [1]
xTaskPriorityDisinherit
                         0x800'317d   0x78  Code  Gb  tasks.o [1]
xTaskPriorityInherit     0x800'30fb   0x7c  Code  Gb  tasks.o [1]
xTaskRemoveFromEventList
                         0x800'2f7f   0x52  Code  Gb  tasks.o [1]
xTaskResumeAll           0x800'2d8b   0x98  Code  Gb  tasks.o [1]
xTasksWaitingTermination
                        0x2000'1b18   0x14  Data  Lc  tasks.o [1]
xTickCount              0x2000'1b54    0x4  Data  Lc  tasks.o [1]
xYieldPending           0x2000'1b64    0x4  Data  Lc  tasks.o [1]


[1] = D:\Radio\Jobe\GP2Y0A02YK0Fv2\f303C_sens\EWARM\f303C_sens\Obj
[2] = dl7M_tlf.a
[3] = m7M_tls.a
[4] = rt7M_tl.a
[5] = shb_l.a

  21'475 bytes of readonly  code memory
     872 bytes of readonly  data memory
  24'356 bytes of readwrite data memory

Errors: none
Warnings: none
