###############################################################################
#
# IAR ELF Linker V8.40.2.214/W32 for ARM                  21/Aug/2021  12:36:36
# Copyright 2007-2019 IAR Systems AB.
#
#    Output file  =
#        D:\Radio\Jobe\GP2Y0A02YK0F\f303_sens\EWARM\f303_sens\Exe\f303_sens.out
#    Map file     =
#        D:\Radio\Jobe\GP2Y0A02YK0F\f303_sens\EWARM\f303_sens\List\f303_sens.map
#    Command line =
#        -f C:\Users\IERIXO~1\AppData\Local\Temp\EW8548.tmp
#        (D:\Radio\Jobe\GP2Y0A02YK0F\f303_sens\EWARM\f303_sens\Obj\adc.o
#        D:\Radio\Jobe\GP2Y0A02YK0F\f303_sens\EWARM\f303_sens\Obj\cmsis_os.o
#        D:\Radio\Jobe\GP2Y0A02YK0F\f303_sens\EWARM\f303_sens\Obj\croutine.o
#        D:\Radio\Jobe\GP2Y0A02YK0F\f303_sens\EWARM\f303_sens\Obj\dma.o
#        D:\Radio\Jobe\GP2Y0A02YK0F\f303_sens\EWARM\f303_sens\Obj\event_groups.o
#        D:\Radio\Jobe\GP2Y0A02YK0F\f303_sens\EWARM\f303_sens\Obj\filter_sma.o
#        D:\Radio\Jobe\GP2Y0A02YK0F\f303_sens\EWARM\f303_sens\Obj\flash_user.o
#        D:\Radio\Jobe\GP2Y0A02YK0F\f303_sens\EWARM\f303_sens\Obj\freertos.o
#        D:\Radio\Jobe\GP2Y0A02YK0F\f303_sens\EWARM\f303_sens\Obj\gpio.o
#        D:\Radio\Jobe\GP2Y0A02YK0F\f303_sens\EWARM\f303_sens\Obj\heap_4.o
#        D:\Radio\Jobe\GP2Y0A02YK0F\f303_sens\EWARM\f303_sens\Obj\list.o
#        D:\Radio\Jobe\GP2Y0A02YK0F\f303_sens\EWARM\f303_sens\Obj\main.o
#        D:\Radio\Jobe\GP2Y0A02YK0F\f303_sens\EWARM\f303_sens\Obj\mb.o
#        D:\Radio\Jobe\GP2Y0A02YK0F\f303_sens\EWARM\f303_sens\Obj\mbcrc.o
#        D:\Radio\Jobe\GP2Y0A02YK0F\f303_sens\EWARM\f303_sens\Obj\mbfunccoils.o
#        D:\Radio\Jobe\GP2Y0A02YK0F\f303_sens\EWARM\f303_sens\Obj\mbfuncdiag.o
#        D:\Radio\Jobe\GP2Y0A02YK0F\f303_sens\EWARM\f303_sens\Obj\mbfuncdisc.o
#        D:\Radio\Jobe\GP2Y0A02YK0F\f303_sens\EWARM\f303_sens\Obj\mbfuncholding.o
#        D:\Radio\Jobe\GP2Y0A02YK0F\f303_sens\EWARM\f303_sens\Obj\mbfuncinput.o
#        D:\Radio\Jobe\GP2Y0A02YK0F\f303_sens\EWARM\f303_sens\Obj\mbfuncother.o
#        D:\Radio\Jobe\GP2Y0A02YK0F\f303_sens\EWARM\f303_sens\Obj\mbrtu.o
#        D:\Radio\Jobe\GP2Y0A02YK0F\f303_sens\EWARM\f303_sens\Obj\mbutils.o
#        D:\Radio\Jobe\GP2Y0A02YK0F\f303_sens\EWARM\f303_sens\Obj\port.o
#        D:\Radio\Jobe\GP2Y0A02YK0F\f303_sens\EWARM\f303_sens\Obj\portasm.o
#        D:\Radio\Jobe\GP2Y0A02YK0F\f303_sens\EWARM\f303_sens\Obj\portevent.o
#        D:\Radio\Jobe\GP2Y0A02YK0F\f303_sens\EWARM\f303_sens\Obj\portserial.o
#        D:\Radio\Jobe\GP2Y0A02YK0F\f303_sens\EWARM\f303_sens\Obj\porttimer.o
#        D:\Radio\Jobe\GP2Y0A02YK0F\f303_sens\EWARM\f303_sens\Obj\queue.o
#        D:\Radio\Jobe\GP2Y0A02YK0F\f303_sens\EWARM\f303_sens\Obj\sensor.o
#        D:\Radio\Jobe\GP2Y0A02YK0F\f303_sens\EWARM\f303_sens\Obj\startup_stm32f303xc.o
#        D:\Radio\Jobe\GP2Y0A02YK0F\f303_sens\EWARM\f303_sens\Obj\stm32f3xx_hal.o
#        D:\Radio\Jobe\GP2Y0A02YK0F\f303_sens\EWARM\f303_sens\Obj\stm32f3xx_hal_adc.o
#        D:\Radio\Jobe\GP2Y0A02YK0F\f303_sens\EWARM\f303_sens\Obj\stm32f3xx_hal_adc_ex.o
#        D:\Radio\Jobe\GP2Y0A02YK0F\f303_sens\EWARM\f303_sens\Obj\stm32f3xx_hal_cortex.o
#        D:\Radio\Jobe\GP2Y0A02YK0F\f303_sens\EWARM\f303_sens\Obj\stm32f3xx_hal_dma.o
#        D:\Radio\Jobe\GP2Y0A02YK0F\f303_sens\EWARM\f303_sens\Obj\stm32f3xx_hal_exti.o
#        D:\Radio\Jobe\GP2Y0A02YK0F\f303_sens\EWARM\f303_sens\Obj\stm32f3xx_hal_flash.o
#        D:\Radio\Jobe\GP2Y0A02YK0F\f303_sens\EWARM\f303_sens\Obj\stm32f3xx_hal_flash_ex.o
#        D:\Radio\Jobe\GP2Y0A02YK0F\f303_sens\EWARM\f303_sens\Obj\stm32f3xx_hal_gpio.o
#        D:\Radio\Jobe\GP2Y0A02YK0F\f303_sens\EWARM\f303_sens\Obj\stm32f3xx_hal_i2c.o
#        D:\Radio\Jobe\GP2Y0A02YK0F\f303_sens\EWARM\f303_sens\Obj\stm32f3xx_hal_i2c_ex.o
#        D:\Radio\Jobe\GP2Y0A02YK0F\f303_sens\EWARM\f303_sens\Obj\stm32f3xx_hal_msp.o
#        D:\Radio\Jobe\GP2Y0A02YK0F\f303_sens\EWARM\f303_sens\Obj\stm32f3xx_hal_pwr.o
#        D:\Radio\Jobe\GP2Y0A02YK0F\f303_sens\EWARM\f303_sens\Obj\stm32f3xx_hal_pwr_ex.o
#        D:\Radio\Jobe\GP2Y0A02YK0F\f303_sens\EWARM\f303_sens\Obj\stm32f3xx_hal_rcc.o
#        D:\Radio\Jobe\GP2Y0A02YK0F\f303_sens\EWARM\f303_sens\Obj\stm32f3xx_hal_rcc_ex.o
#        D:\Radio\Jobe\GP2Y0A02YK0F\f303_sens\EWARM\f303_sens\Obj\stm32f3xx_hal_tim.o
#        D:\Radio\Jobe\GP2Y0A02YK0F\f303_sens\EWARM\f303_sens\Obj\stm32f3xx_hal_tim_ex.o
#        D:\Radio\Jobe\GP2Y0A02YK0F\f303_sens\EWARM\f303_sens\Obj\stm32f3xx_hal_timebase_tim.o
#        D:\Radio\Jobe\GP2Y0A02YK0F\f303_sens\EWARM\f303_sens\Obj\stm32f3xx_hal_uart.o
#        D:\Radio\Jobe\GP2Y0A02YK0F\f303_sens\EWARM\f303_sens\Obj\stm32f3xx_hal_uart_ex.o
#        D:\Radio\Jobe\GP2Y0A02YK0F\f303_sens\EWARM\f303_sens\Obj\stm32f3xx_it.o
#        D:\Radio\Jobe\GP2Y0A02YK0F\f303_sens\EWARM\f303_sens\Obj\stream_buffer.o
#        D:\Radio\Jobe\GP2Y0A02YK0F\f303_sens\EWARM\f303_sens\Obj\system_stm32f3xx.o
#        D:\Radio\Jobe\GP2Y0A02YK0F\f303_sens\EWARM\f303_sens\Obj\tasks.o
#        D:\Radio\Jobe\GP2Y0A02YK0F\f303_sens\EWARM\f303_sens\Obj\tim.o
#        D:\Radio\Jobe\GP2Y0A02YK0F\f303_sens\EWARM\f303_sens\Obj\timers.o
#        D:\Radio\Jobe\GP2Y0A02YK0F\f303_sens\EWARM\f303_sens\Obj\usart.o
#        --redirect _Printf=_PrintfFull --redirect _Scanf=_ScanfFull
#        --no_out_extension -o
#        D:\Radio\Jobe\GP2Y0A02YK0F\f303_sens\EWARM\f303_sens\Exe\f303_sens.out
#        --map
#        D:\Radio\Jobe\GP2Y0A02YK0F\f303_sens\EWARM\f303_sens\List\f303_sens.map
#        --config
#        D:\Radio\Jobe\GP2Y0A02YK0F\f303_sens\EWARM/stm32f303xc_flash.icf
#        --semihosting --entry __iar_program_start --vfe --text_out locale)
#
###############################################################################

*******************************************************************************
*** RUNTIME MODEL ATTRIBUTES
***

CppFlavor                     = *
__CPP_Exceptions              = Disabled
__CPP_Language                = C++14
__SystemLibrary               = DLib
__dlib_dynamic_initialization = normal
__dlib_version                = 6


*******************************************************************************
*** HEAP SELECTION
***

The basic heap was selected because no calls to memory allocation
functions were found in the application outside of system library
functions, and there are calls to deallocation functions in the
application.


*******************************************************************************
*** PLACEMENT SUMMARY
***

"A0":  place at address 0x800'0000 { ro section .intvec };
"P1":  place in [from 0x800'0000 to 0x803'ffff] { ro };
define block CSTACK with size = 16K, alignment = 8 { };
define block HEAP with size = 8K, alignment = 8 { };
"P2":  place in [from 0x2000'0000 to 0x2000'9fff] {
          rw, block CSTACK, block HEAP };
initialize by copy { rw };

  Section                Kind         Address    Size  Object
  -------                ----         -------    ----  ------
"A0":                                           0x188
  .intvec                ro code   0x800'0000   0x188  startup_stm32f303xc.o [1]
                                 - 0x800'0188   0x188

"P1":                                          0x677c
  .text                  ro code   0x800'0188   0xb04  tasks.o [1]
  .text                  ro code   0x800'0c8c   0x260  heap_4.o [1]
  .text                  ro code   0x800'0eec    0x98  list.o [1]
  .text                  ro code   0x800'0f84   0x258  port.o [1]
  .text                  ro code   0x800'11dc   0x39c  freertos.o [1]
  CODE                   ro code   0x800'1578    0xb0  portasm.o [1]
  .text                  ro code   0x800'1628    0x7e  sensor.o [1]
  .text                  ro code   0x800'16a6    0x3a  zero_init3.o [4]
  .text                  ro code   0x800'16e0   0x1bc  cmsis_os.o [1]
  .text                  ro code   0x800'189c    0xa6  ABImemcpy.o [4]
  .rodata                const     0x800'1942     0x1  unwind_debug.o [5]
  .text                  ro code   0x800'1944   0xa68  stm32f3xx_hal_adc_ex.o [1]
  .text                  ro code   0x800'23ac   0x75c  stm32f3xx_hal_tim.o [1]
  .text                  ro code   0x800'2b08   0x1e0  stm32f3xx_hal_gpio.o [1]
  .text                  ro code   0x800'2ce8    0x96  filter_sma.o [1]
  .text                  ro code   0x800'2d80   0x104  flash_user.o [1]
  .text                  ro code   0x800'2e84   0x200  mb.o [1]
  .text                  ro code   0x800'3084   0x7a6  queue.o [1]
  .text                  ro code   0x800'382c   0x18c  adc.o [1]
  .text                  ro code   0x800'39b8   0x2b0  stm32f3xx_hal_dma.o [1]
  .text                  ro code   0x800'3c68     0x2  stm32f3xx_hal_adc.o [1]
  .text                  ro code   0x800'3c6a     0x2  stm32f3xx_hal_adc.o [1]
  .text                  ro code   0x800'3c6c     0xc  stm32f3xx_hal.o [1]
  .text                  ro code   0x800'3c78   0x130  tim.o [1]
  .text                  ro code   0x800'3da8     0x2  stm32f3xx_hal_tim.o [1]
  .text                  ro code   0x800'3daa     0x2  stm32f3xx_hal_tim.o [1]
  .text                  ro code   0x800'3dac     0x2  stm32f3xx_hal_tim.o [1]
  .text                  ro code   0x800'3db0   0x126  main.o [1]
  .text                  ro code   0x800'3ed6     0x2  stm32f3xx_hal_tim_ex.o [1]
  .text                  ro code   0x800'3ed8     0x2  stm32f3xx_hal_tim_ex.o [1]
  .text                  ro code   0x800'3eda     0x2  stm32f3xx_hal_tim.o [1]
  .text                  ro code   0x800'3edc     0x2  stm32f3xx_hal_tim_ex.o [1]
  .text                  ro code   0x800'3ee0     0x6  ABImemclr.o [4]
  .text                  ro code   0x800'3ee8   0x2c4  mbrtu.o [1]
  .text                  ro code   0x800'41ac    0x3c  portevent.o [1]
  .text                  ro code   0x800'41e8    0x14  memset.o [4]
  .text                  ro code   0x800'41fc    0xa8  stm32f3xx_hal_tim_ex.o [1]
  .text                  ro code   0x800'42a4    0xe8  stm32f3xx_hal_cortex.o [1]
  .text                  ro code   0x800'438c    0x24  stm32f3xx_hal.o [1]
  .text                  ro code   0x800'43b0    0x8c  gpio.o [1]
  .text                  ro code   0x800'443c    0x2c  dma.o [1]
  .text                  ro code   0x800'4468    0xc4  usart.o [1]
  .text                  ro code   0x800'452c   0x960  stm32f3xx_hal_rcc.o [1]
  .text                  ro code   0x800'4e8c   0x250  stm32f3xx_hal_rcc_ex.o [1]
  .text                  ro code   0x800'50dc    0x18  stm32f3xx_hal.o [1]
  .text                  ro code   0x800'50f4    0x66  ABImemset.o [4]
  .text                  ro code   0x800'515c    0xe8  portserial.o [1]
  .text                  ro code   0x800'5244    0x80  porttimer.o [1]
  .text                  ro code   0x800'52c4    0x24  ABIassert.o [5]
  .text                  ro code   0x800'52e8    0x40  mbcrc.o [1]
  .text                  ro code   0x800'5328    0x80  stm32f3xx_hal_timebase_tim.o [1]
  .text                  ro code   0x800'53a8    0x40  stm32f3xx_hal_msp.o [1]
  .text                  ro code   0x800'53e8    0x92  stm32f3xx_hal_uart_ex.o [1]
  .text                  ro code   0x800'547c   0x840  stm32f3xx_hal_uart.o [1]
  .text                  ro code   0x800'5cbc     0x6  abort.o [2]
  .text                  ro code   0x800'5cc2     0x2  stm32f3xx_hal_uart.o [1]
  .text                  ro code   0x800'5cc4     0x2  stm32f3xx_hal_uart.o [1]
  .text                  ro code   0x800'5cc6     0x2  stm32f3xx_hal_uart.o [1]
  .text                  ro code   0x800'5cc8    0x14  exit.o [5]
  .text                  ro code   0x800'5cdc   0x21c  mbfuncholding.o [1]
  .text                  ro code   0x800'5ef8    0x22  mbutils.o [1]
  .text                  ro code   0x800'5f1a   0x198  mbfunccoils.o [1]
  .rodata                const     0x800'60b4   0x100  mbcrc.o [1]
  .rodata                const     0x800'61b4   0x100  mbcrc.o [1]
  .text                  ro code   0x800'62b4    0xc8  stm32f3xx_it.o [1]
  .text                  ro code   0x800'637c    0x9c  mbfuncdisc.o [1]
  .text                  ro code   0x800'6418    0x86  mbfuncinput.o [1]
  .rodata                const     0x800'64a0    0x64  mbrtu.o [1]
  .rodata                const     0x800'6504    0x48  mbrtu.o [1]
  .text                  ro code   0x800'654c    0x38  packbits_init_single.o [4]
  .text                  ro code   0x800'6584    0x28  data_init.o [4]
  .text                  ro code   0x800'65ac    0x24  mbfuncother.o [1]
  .text                  ro code   0x800'65d0    0x22  fpinit_M.o [3]
  .iar.init_table        const     0x800'65f4    0x24  - Linker created -
  .text                  ro code   0x800'6618    0x20  cmain_call_ctors.o [4]
  .text                  ro code   0x800'6638    0x18  cppinit.o [2]
  .text                  ro code   0x800'6650    0x1e  cmain.o [4]
  .text                  ro code   0x800'666e     0x4  low_level_init.o [2]
  .text                  ro code   0x800'6672     0x4  exit.o [2]
  .text                  ro code   0x800'6678     0xa  cexit.o [4]
  .rodata                const     0x800'6684    0x1c  freertos.o [1]
  .rodata                const     0x800'66a0    0x1c  freertos.o [1]
  .rodata                const     0x800'66bc    0x1c  mbrtu.o [1]
  .rodata                const     0x800'66d8    0x1c  mbrtu.o [1]
  .rodata                const     0x800'66f4    0x18  mbrtu.o [1]
  .rodata                const     0x800'670c    0x10  stm32f3xx_hal_rcc.o [1]
  .rodata                const     0x800'671c    0x10  stm32f3xx_hal_rcc.o [1]
  .rodata                const     0x800'672c    0x10  system_stm32f3xx.o [1]
  .text                  ro code   0x800'673c    0x10  startup_stm32f303xc.o [1]
  .text                  ro code   0x800'674c    0x10  system_stm32f3xx.o [1]
  .rodata                const     0x800'675c     0xc  freertos.o [1]
  .text                  ro code   0x800'6768     0xc  cstartup_M.o [4]
  .rodata                const     0x800'6774     0x8  freertos.o [1]
  .rodata                const     0x800'677c     0x8  freertos.o [1]
  .rodata                const     0x800'6784     0x8  system_stm32f3xx.o [1]
  .rodata                const     0x800'678c     0x8  tasks.o [1]
  .rodata                const     0x800'6794     0x4  heap_4.o [1]
  .rodata                const     0x800'6798     0x4  port.o [1]
  .text                  ro code   0x800'679c     0x4  startup_stm32f303xc.o [1]
  .text                  ro code   0x800'67a0     0x4  startup_stm32f303xc.o [1]
  .text                  ro code   0x800'67a4     0x4  startup_stm32f303xc.o [1]
  .text                  ro code   0x800'67a8     0x4  startup_stm32f303xc.o [1]
  .text                  ro code   0x800'67ac     0x4  startup_stm32f303xc.o [1]
  .text                  ro code   0x800'67b0     0x4  startup_stm32f303xc.o [1]
  .text                  ro code   0x800'67b4     0x4  startup_stm32f303xc.o [1]
  .text                  ro code   0x800'67b8     0x4  startup_stm32f303xc.o [1]
  .text                  ro code   0x800'67bc     0x4  startup_stm32f303xc.o [1]
  .text                  ro code   0x800'67c0     0x4  startup_stm32f303xc.o [1]
  .text                  ro code   0x800'67c4     0x4  startup_stm32f303xc.o [1]
  .text                  ro code   0x800'67c8     0x4  startup_stm32f303xc.o [1]
  .text                  ro code   0x800'67cc     0x4  startup_stm32f303xc.o [1]
  .text                  ro code   0x800'67d0     0x4  startup_stm32f303xc.o [1]
  .text                  ro code   0x800'67d4     0x4  startup_stm32f303xc.o [1]
  .text                  ro code   0x800'67d8     0x4  startup_stm32f303xc.o [1]
  .text                  ro code   0x800'67dc     0x4  startup_stm32f303xc.o [1]
  .text                  ro code   0x800'67e0     0x4  startup_stm32f303xc.o [1]
  .text                  ro code   0x800'67e4     0x4  startup_stm32f303xc.o [1]
  .text                  ro code   0x800'67e8     0x4  startup_stm32f303xc.o [1]
  .text                  ro code   0x800'67ec     0x4  startup_stm32f303xc.o [1]
  .text                  ro code   0x800'67f0     0x4  startup_stm32f303xc.o [1]
  .text                  ro code   0x800'67f4     0x4  startup_stm32f303xc.o [1]
  .text                  ro code   0x800'67f8     0x4  startup_stm32f303xc.o [1]
  .text                  ro code   0x800'67fc     0x4  startup_stm32f303xc.o [1]
  .text                  ro code   0x800'6800     0x4  startup_stm32f303xc.o [1]
  .text                  ro code   0x800'6804     0x4  startup_stm32f303xc.o [1]
  .text                  ro code   0x800'6808     0x4  startup_stm32f303xc.o [1]
  .text                  ro code   0x800'680c     0x4  startup_stm32f303xc.o [1]
  .text                  ro code   0x800'6810     0x4  startup_stm32f303xc.o [1]
  .text                  ro code   0x800'6814     0x4  startup_stm32f303xc.o [1]
  .text                  ro code   0x800'6818     0x4  startup_stm32f303xc.o [1]
  .text                  ro code   0x800'681c     0x4  startup_stm32f303xc.o [1]
  .text                  ro code   0x800'6820     0x4  startup_stm32f303xc.o [1]
  .text                  ro code   0x800'6824     0x4  startup_stm32f303xc.o [1]
  .text                  ro code   0x800'6828     0x4  startup_stm32f303xc.o [1]
  .text                  ro code   0x800'682c     0x4  startup_stm32f303xc.o [1]
  .text                  ro code   0x800'6830     0x4  startup_stm32f303xc.o [1]
  .text                  ro code   0x800'6834     0x4  startup_stm32f303xc.o [1]
  .text                  ro code   0x800'6838     0x4  startup_stm32f303xc.o [1]
  .text                  ro code   0x800'683c     0x4  startup_stm32f303xc.o [1]
  .text                  ro code   0x800'6840     0x4  startup_stm32f303xc.o [1]
  .text                  ro code   0x800'6844     0x4  startup_stm32f303xc.o [1]
  .text                  ro code   0x800'6848     0x4  startup_stm32f303xc.o [1]
  .text                  ro code   0x800'684c     0x4  startup_stm32f303xc.o [1]
  .text                  ro code   0x800'6850     0x4  startup_stm32f303xc.o [1]
  .text                  ro code   0x800'6854     0x4  startup_stm32f303xc.o [1]
  .text                  ro code   0x800'6858     0x4  startup_stm32f303xc.o [1]
  .text                  ro code   0x800'685c     0x4  startup_stm32f303xc.o [1]
  .text                  ro code   0x800'6860     0x4  startup_stm32f303xc.o [1]
  .text                  ro code   0x800'6864     0x4  startup_stm32f303xc.o [1]
  .text                  ro code   0x800'6868     0x4  startup_stm32f303xc.o [1]
  .text                  ro code   0x800'686c     0x4  startup_stm32f303xc.o [1]
  .text                  ro code   0x800'6870     0x4  startup_stm32f303xc.o [1]
  .text                  ro code   0x800'6874     0x4  startup_stm32f303xc.o [1]
  .text                  ro code   0x800'6878     0x4  startup_stm32f303xc.o [1]
  .text                  ro code   0x800'687c     0x4  startup_stm32f303xc.o [1]
  .text                  ro code   0x800'6880     0x4  startup_stm32f303xc.o [1]
  .text                  ro code   0x800'6884     0x4  startup_stm32f303xc.o [1]
  .text                  ro code   0x800'6888     0x4  startup_stm32f303xc.o [1]
  .text                  ro code   0x800'688c     0x4  startup_stm32f303xc.o [1]
  .text                  ro code   0x800'6890     0x4  startup_stm32f303xc.o [1]
  SHT$$PREINIT_ARRAY               0x800'6894     0x0  <Block>
  SHT$$INIT_ARRAY                  0x800'6894     0x4  <Block>
    .init_array          const     0x800'6894     0x4  freertos.o [1]
  __iar_tls$$INIT_ARRAY            0x800'6898     0x0  <Block>
  .rodata                const     0x800'6898     0x0  zero_init3.o [4]
  .rodata                const     0x800'6898     0x0  packbits_init_single.o [4]
  Initializer bytes      const     0x800'6898    0x6c  <for P2-1>
                                 - 0x800'6904  0x677c

"P2", part 1 of 3:                               0x9f
  P2-1                            0x2000'0000    0x9f  <Init block>
    .data                inited   0x2000'0000     0xc  main.o [1]
    .data                inited   0x2000'000c    0x80  mb.o [1]
    .data                inited   0x2000'008c     0x4  port.o [1]
    .data                inited   0x2000'0090     0x4  portserial.o [1]
    .data                inited   0x2000'0094     0x4  stm32f3xx_hal.o [1]
    .data                inited   0x2000'0098     0x4  system_stm32f3xx.o [1]
    .data                inited   0x2000'009c     0x1  freertos.o [1]
    .data                inited   0x2000'009d     0x1  mb.o [1]
    .data                inited   0x2000'009e     0x1  stm32f3xx_hal.o [1]
                                - 0x2000'009f    0x9f

"P2", part 2 of 3:                             0x3708
  .bss                   zero     0x2000'00a0  0x2710  heap_4.o [1]
  .bss                   zero     0x2000'27b0   0x800  freertos.o [1]
  .bss                   zero     0x2000'2fb0   0x200  freertos.o [1]
  .bss                   zero     0x2000'31b0   0x100  mbrtu.o [1]
  .bss                   zero     0x2000'32b0    0x8c  tasks.o [1]
  .bss                   zero     0x2000'333c    0x84  usart.o [1]
  .bss                   zero     0x2000'33c0    0x54  freertos.o [1]
  .bss                   zero     0x2000'3414    0x50  adc.o [1]
  .bss                   zero     0x2000'3464    0x50  freertos.o [1]
  .bss                   zero     0x2000'34b4    0x50  freertos.o [1]
  .bss                   zero     0x2000'3504    0x50  freertos.o [1]
  .bss                   zero     0x2000'3554    0x4c  stm32f3xx_hal_timebase_tim.o [1]
  .bss                   zero     0x2000'35a0    0x4c  tim.o [1]
  .bss                   zero     0x2000'35ec    0x4c  tim.o [1]
  .bss                   zero     0x2000'3638    0x44  adc.o [1]
  .bss                   zero     0x2000'367c    0x20  mbfuncother.o [1]
  .bss                   zero     0x2000'369c    0x14  tasks.o [1]
  .bss                   zero     0x2000'36b0    0x14  tasks.o [1]
  .bss                   zero     0x2000'36c4    0x14  tasks.o [1]
  .bss                   zero     0x2000'36d8    0x14  tasks.o [1]
  .bss                   zero     0x2000'36ec    0x14  tasks.o [1]
  .bss                   zero     0x2000'3700     0x8  heap_4.o [1]
  .bss                   zero     0x2000'3708     0x4  freertos.o [1]
  .bss                   zero     0x2000'370c     0x4  freertos.o [1]
  .bss                   zero     0x2000'3710     0x4  freertos.o [1]
  .bss                   zero     0x2000'3714     0x4  heap_4.o [1]
  .bss                   zero     0x2000'3718     0x4  heap_4.o [1]
  .bss                   zero     0x2000'371c     0x4  heap_4.o [1]
  .bss                   zero     0x2000'3720     0x4  heap_4.o [1]
  .bss                   zero     0x2000'3724     0x4  mb.o [1]
  .bss                   zero     0x2000'3728     0x4  mb.o [1]
  .bss                   zero     0x2000'372c     0x4  mb.o [1]
  .bss                   zero     0x2000'3730     0x4  mb.o [1]
  .bss                   zero     0x2000'3734     0x4  mb.o [1]
  .bss                   zero     0x2000'3738     0x4  mb.o [1]
  .bss                   zero     0x2000'373c     0x4  mb.o [1]
  .bss                   zero     0x2000'3740     0x4  mb.o [1]
  .bss                   zero     0x2000'3744     0x4  mb.o [1]
  .bss                   zero     0x2000'3748     0x4  mbrtu.o [1]
  .bss                   zero     0x2000'374c     0x4  port.o [1]
  .bss                   zero     0x2000'3750     0x4  stm32f3xx_hal.o [1]
  .bss                   zero     0x2000'3754     0x4  tasks.o [1]
  .bss                   zero     0x2000'3758     0x4  tasks.o [1]
  .bss                   zero     0x2000'375c     0x4  tasks.o [1]
  .bss                   zero     0x2000'3760     0x4  tasks.o [1]
  .bss                   zero     0x2000'3764     0x4  tasks.o [1]
  .bss                   zero     0x2000'3768     0x4  tasks.o [1]
  .bss                   zero     0x2000'376c     0x4  tasks.o [1]
  .bss                   zero     0x2000'3770     0x4  tasks.o [1]
  .bss                   zero     0x2000'3774     0x4  tasks.o [1]
  .bss                   zero     0x2000'3778     0x4  tasks.o [1]
  .bss                   zero     0x2000'377c     0x4  tasks.o [1]
  .bss                   zero     0x2000'3780     0x4  tasks.o [1]
  .bss                   zero     0x2000'3784     0x4  tasks.o [1]
  .bss                   zero     0x2000'3788     0x4  tasks.o [1]
  .bss                   zero     0x2000'378c     0x4  tasks.o [1]
  .bss                   zero     0x2000'3790     0x2  freertos.o [1]
  .bss                   zero     0x2000'3792     0x2  mb.o [1]
  .bss                   zero     0x2000'3794     0x2  mbfuncother.o [1]
  .bss                   zero     0x2000'3796     0x2  mbrtu.o [1]
  .bss                   zero     0x2000'3798     0x2  mbrtu.o [1]
  .bss                   zero     0x2000'379a     0x2  porttimer.o [1]
  .bss                   zero     0x2000'379c     0x2  porttimer.o [1]
  .bss                   zero     0x2000'379e     0x1  mb.o [1]
  .bss                   zero     0x2000'379f     0x1  mb.o [1]
  .bss                   zero     0x2000'37a0     0x1  mb.o [1]
  .bss                   zero     0x2000'37a1     0x1  mb.o [1]
  .bss                   zero     0x2000'37a2     0x1  mb.o [1]
  .bss                   zero     0x2000'37a3     0x1  mbrtu.o [1]
  .bss                   zero     0x2000'37a4     0x1  mbrtu.o [1]
  .bss                   zero     0x2000'37a5     0x1  port.o [1]
  .bss                   zero     0x2000'37a6     0x1  portevent.o [1]
  .bss                   zero     0x2000'37a7     0x1  portevent.o [1]
                                - 0x2000'37a8  0x3708

"P2", part 3 of 3:                             0x4000
  CSTACK                          0x2000'37a8  0x4000  <Block>
    CSTACK               uninit   0x2000'37a8  0x4000  <Block tail>
                                - 0x2000'77a8  0x4000

Unused ranges:

         From           To      Size
         ----           --      ----
   0x800'6904   0x803'ffff  0x3'96fc
  0x2000'009f  0x2000'009f       0x1
  0x2000'77a8  0x2000'9fff    0x2858


*******************************************************************************
*** INIT TABLE
***

          Address      Size
          -------      ----
Zero (__iar_zero_init3)
    1 destination range, total size 0x3708:
          0x2000'00a0  0x3708

Copy/packbits (__iar_packbits_init_single3)
    1 source range, total size 0x6c (67% of destination):
           0x800'6898    0x6c
    1 destination range, total size 0x9f:
          0x2000'0000    0x9f

Extra (__iar_cstart_call_ctors)



*******************************************************************************
*** MODULE SUMMARY
***

    Module                        ro code  ro data  rw data
    ------                        -------  -------  -------
command line/config:
    -------------------------------------------------------
    Total:

D:\Radio\Jobe\GP2Y0A02YK0F\f303_sens\EWARM\f303_sens\Obj: [1]
    adc.o                             396               148
    cmsis_os.o                        444
    dma.o                              44
    filter_sma.o                      150
    flash_user.o                      260
    freertos.o                        924       89    2'899
    gpio.o                            140
    heap_4.o                          608        4   10'024
    list.o                            152
    main.o                            294        8       12
    mb.o                              512       88      172
    mbcrc.o                            64      512
    mbfunccoils.o                     408
    mbfuncdisc.o                      156
    mbfuncholding.o                   540
    mbfuncinput.o                     134
    mbfuncother.o                      36                34
    mbrtu.o                           708      252      266
    mbutils.o                          34
    port.o                            600        6        9
    portasm.o                         176
    portevent.o                        60                 2
    portserial.o                      232        3        4
    porttimer.o                       128                 4
    queue.o                         1'958
    sensor.o                          126
    startup_stm32f303xc.o             656
    stm32f3xx_hal.o                    72        4        9
    stm32f3xx_hal_adc.o                 4
    stm32f3xx_hal_adc_ex.o          2'664
    stm32f3xx_hal_cortex.o            232
    stm32f3xx_hal_dma.o               688
    stm32f3xx_hal_gpio.o              480
    stm32f3xx_hal_msp.o                64
    stm32f3xx_hal_rcc.o             2'400       32
    stm32f3xx_hal_rcc_ex.o            592
    stm32f3xx_hal_tim.o             1'892
    stm32f3xx_hal_tim_ex.o            174
    stm32f3xx_hal_timebase_tim.o      128                76
    stm32f3xx_hal_uart.o            2'118
    stm32f3xx_hal_uart_ex.o           146
    stm32f3xx_it.o                    200
    system_stm32f3xx.o                 16       26        4
    tasks.o                         2'820        8      300
    tim.o                             304               152
    usart.o                           196               132
    -------------------------------------------------------
    Total:                         25'130    1'032   14'247

dl7M_tlf.a: [2]
    abort.o                             6
    cppinit.o                          24
    exit.o                              4
    low_level_init.o                    4
    -------------------------------------------------------
    Total:                             38

m7M_tls.a: [3]
    fpinit_M.o                         34
    -------------------------------------------------------
    Total:                             34

rt7M_tl.a: [4]
    ABImemclr.o                         6
    ABImemcpy.o                       166
    ABImemset.o                       102
    cexit.o                            10
    cmain.o                            30
    cmain_call_ctors.o                 32
    cstartup_M.o                       12
    data_init.o                        40
    memset.o                           20
    packbits_init_single.o             56
    zero_init3.o                       58
    -------------------------------------------------------
    Total:                            532

shb_l.a: [5]
    ABIassert.o                        36
    exit.o                             20
    unwind_debug.o                               1
    -------------------------------------------------------
    Total:                             56        1

    Gaps                               17        8
    Linker created                              36   16'384
-----------------------------------------------------------
    Grand Total:                   25'807    1'077   30'631


*******************************************************************************
*** ENTRY LIST
***

Entry                       Address    Size  Type      Object
-----                       -------    ----  ----      ------
.iar.init_table$$Base    0x800'65f4           --   Gb  - Linker created -
.iar.init_table$$Limit   0x800'6618           --   Gb  - Linker created -
?main                    0x800'6651          Code  Gb  cmain.o [4]
ADC_DMAConvCplt          0x800'2235    0x4a  Code  Lc  stm32f3xx_hal_adc_ex.o [1]
ADC_DMAError             0x800'2289    0x1a  Code  Lc  stm32f3xx_hal_adc_ex.o [1]
ADC_DMAHalfConvCplt      0x800'227f     0xa  Code  Lc  stm32f3xx_hal_adc_ex.o [1]
ADC_Disable              0x800'2321    0x84  Code  Lc  stm32f3xx_hal_adc_ex.o [1]
ADC_Enable               0x800'22a3    0x7e  Code  Lc  stm32f3xx_hal_adc_ex.o [1]
ADC_endHandle           0x2000'3710     0x4  Data  Gb  freertos.o [1]
AHBPrescTable            0x800'672c    0x10  Data  Gb  system_stm32f3xx.o [1]
APBPrescTable            0x800'6784     0x8  Data  Gb  system_stm32f3xx.o [1]
BusFault_Handler         0x800'62bb     0x2  Code  Gb  stm32f3xx_it.o [1]
CSTACK$$Base            0x2000'37a8           --   Gb  - Linker created -
CSTACK$$Limit           0x2000'77a8           --   Gb  - Linker created -
DMA2_Channel1_IRQHandler
                         0x800'6353     0xa  Code  Gb  stm32f3xx_it.o [1]
DMA_CalcBaseAndBitshift
                         0x800'3c1f    0x34  Code  Lc  stm32f3xx_hal_dma.o [1]
DMA_SetConfig            0x800'3bf3    0x2c  Code  Lc  stm32f3xx_hal_dma.o [1]
DebugMon_Handler         0x800'62bf     0x2  Code  Gb  stm32f3xx_it.o [1]
Error_Handler            0x800'3ed5     0x2  Code  Gb  main.o [1]
Flash_Read(settings_t *, unsigned int)
                         0x800'2dbb    0x26  Code  Gb  flash_user.o [1]
Flash_Write(settings_t, unsigned int)
                         0x800'2d81    0x3a  Code  Gb  flash_user.o [1]
HAL_ADC_ConfigChannel    0x800'1ded   0x42e  Code  Gb  stm32f3xx_hal_adc_ex.o [1]
HAL_ADC_ConvCpltCallback
                         0x800'138d     0xc  Code  Gb  freertos.o [1]
HAL_ADC_ConvHalfCpltCallback
                         0x800'3c69     0x2  Code  Wk  stm32f3xx_hal_adc.o [1]
HAL_ADC_ErrorCallback    0x800'3c6b     0x2  Code  Wk  stm32f3xx_hal_adc.o [1]
HAL_ADC_Init             0x800'1945   0x2d0  Code  Gb  stm32f3xx_hal_adc_ex.o [1]
HAL_ADC_MspInit          0x800'38e9    0xb6  Code  Gb  adc.o [1]
HAL_ADC_Start_DMA        0x800'1c31   0x18a  Code  Gb  stm32f3xx_hal_adc_ex.o [1]
HAL_DMA_Abort            0x800'3a93    0x48  Code  Gb  stm32f3xx_hal_dma.o [1]
HAL_DMA_Abort_IT         0x800'3adb    0x52  Code  Gb  stm32f3xx_hal_dma.o [1]
HAL_DMA_IRQHandler       0x800'3b2d    0xc6  Code  Gb  stm32f3xx_hal_dma.o [1]
HAL_DMA_Init             0x800'39b9    0x56  Code  Gb  stm32f3xx_hal_dma.o [1]
HAL_DMA_Start_IT         0x800'3a0f    0x84  Code  Gb  stm32f3xx_hal_dma.o [1]
HAL_GPIO_Init            0x800'2b09   0x1a6  Code  Gb  stm32f3xx_hal_gpio.o [1]
HAL_GPIO_WritePin        0x800'2caf    0x12  Code  Gb  stm32f3xx_hal_gpio.o [1]
HAL_GetTick              0x800'3c6d     0xc  Code  Wk  stm32f3xx_hal.o [1]
HAL_IncTick              0x800'50dd    0x18  Code  Wk  stm32f3xx_hal.o [1]
HAL_Init                 0x800'438d    0x20  Code  Gb  stm32f3xx_hal.o [1]
HAL_InitTick             0x800'5329    0x70  Code  Gb  stm32f3xx_hal_timebase_tim.o [1]
HAL_MspInit              0x800'53a9    0x40  Code  Gb  stm32f3xx_hal_msp.o [1]
HAL_NVIC_EnableIRQ       0x800'436f     0xa  Code  Gb  stm32f3xx_hal_cortex.o [1]
HAL_NVIC_SetPriority     0x800'434d    0x22  Code  Gb  stm32f3xx_hal_cortex.o [1]
HAL_NVIC_SetPriorityGrouping
                         0x800'4345     0x8  Code  Gb  stm32f3xx_hal_cortex.o [1]
HAL_RCCEx_PeriphCLKConfig
                         0x800'4e8d   0x230  Code  Gb  stm32f3xx_hal_rcc_ex.o [1]
HAL_RCC_ClockConfig      0x800'4ba1   0x1bc  Code  Gb  stm32f3xx_hal_rcc.o [1]
HAL_RCC_GetClockConfig   0x800'4e0b    0x34  Code  Gb  stm32f3xx_hal_rcc.o [1]
HAL_RCC_GetHCLKFreq      0x800'4dc5     0x6  Code  Gb  stm32f3xx_hal_rcc.o [1]
HAL_RCC_GetPCLK1Freq     0x800'4dcb    0x20  Code  Gb  stm32f3xx_hal_rcc.o [1]
HAL_RCC_GetPCLK2Freq     0x800'4deb    0x20  Code  Gb  stm32f3xx_hal_rcc.o [1]
HAL_RCC_GetSysClockFreq
                         0x800'4d5d    0x68  Code  Gb  stm32f3xx_hal_rcc.o [1]
HAL_RCC_OscConfig        0x800'452d   0x674  Code  Gb  stm32f3xx_hal_rcc.o [1]
HAL_RS485Ex_Init         0x800'53e9    0x90  Code  Gb  stm32f3xx_hal_uart_ex.o [1]
HAL_TIMEx_Break2Callback
                         0x800'3ed9     0x2  Code  Wk  stm32f3xx_hal_tim_ex.o [1]
HAL_TIMEx_BreakCallback
                         0x800'3ed7     0x2  Code  Wk  stm32f3xx_hal_tim_ex.o [1]
HAL_TIMEx_CommutCallback
                         0x800'3edd     0x2  Code  Wk  stm32f3xx_hal_tim_ex.o [1]
HAL_TIMEx_MasterConfigSynchronization
                         0x800'41fd    0x92  Code  Gb  stm32f3xx_hal_tim_ex.o [1]
HAL_TIM_Base_Init        0x800'23ad    0x7a  Code  Gb  stm32f3xx_hal_tim.o [1]
HAL_TIM_Base_MspInit     0x800'3d65    0x30  Code  Gb  tim.o [1]
HAL_TIM_Base_Start_IT    0x800'2427    0x8a  Code  Gb  stm32f3xx_hal_tim.o [1]
HAL_TIM_Base_Stop_IT     0x800'24b1    0x3a  Code  Gb  stm32f3xx_hal_tim.o [1]
HAL_TIM_IRQHandler       0x800'257d   0x194  Code  Gb  stm32f3xx_hal_tim.o [1]
HAL_TIM_OC_ConfigChannel
                         0x800'2711    0x6a  Code  Gb  stm32f3xx_hal_tim.o [1]
HAL_TIM_OC_Init          0x800'24eb    0x7a  Code  Gb  stm32f3xx_hal_tim.o [1]
HAL_TIM_OC_MspInit       0x800'3d43    0x22  Code  Gb  tim.o [1]
HAL_TIM_PeriodElapsedCallback
                         0x800'3eb7    0x10  Code  Gb  main.o [1]
HAL_UARTEx_WakeupCallback
                         0x800'5479     0x2  Code  Wk  stm32f3xx_hal_uart_ex.o [1]
HAL_UART_IRQHandler      0x800'554d   0x294  Code  Gb  stm32f3xx_hal_uart.o [1]
HAL_UART_MspInit         0x800'44ab    0x72  Code  Gb  usart.o [1]
HAL_UART_Transmit        0x800'547d    0xd0  Code  Gb  stm32f3xx_hal_uart.o [1]
HardFault_Handler        0x800'62b7     0x2  Code  Gb  stm32f3xx_it.o [1]
MX_ADC2_Init             0x800'382d    0xbc  Code  Gb  adc.o [1]
MX_DMA_Init              0x800'443d    0x2c  Code  Gb  dma.o [1]
MX_FREERTOS_Init()       0x800'120b    0x56  Code  Gb  freertos.o [1]
MX_GPIO_Init             0x800'43b1    0x8c  Code  Gb  gpio.o [1]
MX_TIM3_Init             0x800'3c79    0x80  Code  Gb  tim.o [1]
MX_TIM6_Init             0x800'3cf9    0x4a  Code  Gb  tim.o [1]
MX_USART2_UART_Init      0x800'4469    0x42  Code  Gb  usart.o [1]
MainTaskHandle          0x2000'3708     0x4  Data  Gb  freertos.o [1]
MemManage_Handler        0x800'62b9     0x2  Code  Gb  stm32f3xx_it.o [1]
ModbusHandle            0x2000'370c     0x4  Data  Gb  freertos.o [1]
NMI_Handler              0x800'62b5     0x2  Code  Gb  stm32f3xx_it.o [1]
NVIC_EncodePriority      0x800'4309    0x3c  Code  Lc  stm32f3xx_hal_cortex.o [1]
PendSV_Handler           0x800'1579          Code  Gb  portasm.o [1]
Region$$Table$$Base      0x800'65f4           --   Gb  - Linker created -
Region$$Table$$Limit     0x800'6618           --   Gb  - Linker created -
SHT$$INIT_ARRAY$$Base    0x800'6894           --   Gb  - Linker created -
SHT$$INIT_ARRAY$$Limit   0x800'6898           --   Gb  - Linker created -
SHT$$PREINIT_ARRAY$$Base
                         0x800'6894           --   Gb  - Linker created -
SHT$$PREINIT_ARRAY$$Limit
                         0x800'6894           --   Gb  - Linker created -
SVC_Handler              0x800'15d1          Code  Gb  portasm.o [1]
Sensor1                 0x2000'3464    0x50  Data  Gb  freertos.o [1]
Sensor2                 0x2000'34b4    0x50  Data  Gb  freertos.o [1]
Sensor3                 0x2000'3504    0x50  Data  Gb  freertos.o [1]
SysTick_Handler          0x800'1105    0x28  Code  Gb  port.o [1]
SystemClock_Config()     0x800'3e29    0x8e  Code  Gb  main.o [1]
SystemCoreClock         0x2000'0098     0x4  Data  Gb  system_stm32f3xx.o [1]
SystemInit               0x800'674d     0xc  Code  Gb  system_stm32f3xx.o [1]
TIM6_DAC_IRQHandler      0x800'6311    0x38  Code  Gb  stm32f3xx_it.o [1]
TIM7_IRQHandler          0x800'6349     0xa  Code  Gb  stm32f3xx_it.o [1]
TIM_Base_SetConfig       0x800'277b    0xb6  Code  Gb  stm32f3xx_hal_tim.o [1]
TIM_OC1_SetConfig        0x800'2831    0x9c  Code  Lc  stm32f3xx_hal_tim.o [1]
TIM_OC2_SetConfig        0x800'28cd    0x88  Code  Gb  stm32f3xx_hal_tim.o [1]
TIM_OC3_SetConfig        0x800'2955    0x7e  Code  Lc  stm32f3xx_hal_tim.o [1]
TIM_OC4_SetConfig        0x800'29d5    0x5e  Code  Lc  stm32f3xx_hal_tim.o [1]
TIM_OC5_SetConfig        0x800'2a33    0x58  Code  Lc  stm32f3xx_hal_tim.o [1]
TIM_OC6_SetConfig        0x800'2a8b    0x5a  Code  Lc  stm32f3xx_hal_tim.o [1]
UART_AdvFeatureConfig    0x800'5a55    0xda  Code  Gb  stm32f3xx_hal_uart.o [1]
UART_CheckIdleState      0x800'5b2f    0x6e  Code  Gb  stm32f3xx_hal_uart.o [1]
UART_DMAAbortOnError     0x800'5c89    0x16  Code  Lc  stm32f3xx_hal_uart.o [1]
UART_EndRxTransfer       0x800'5c4f    0x38  Code  Lc  stm32f3xx_hal_uart.o [1]
UART_EndTransmit_IT      0x800'5c9f    0x1c  Code  Lc  stm32f3xx_hal_uart.o [1]
UART_SetConfig           0x800'57e1   0x24c  Code  Gb  stm32f3xx_hal_uart.o [1]
UART_WaitOnFlagUntilTimeout
                         0x800'5b9d    0xb2  Code  Gb  stm32f3xx_hal_uart.o [1]
USART2_IRQHandler        0x800'62c1    0x50  Code  Gb  stm32f3xx_it.o [1]
UsageFault_Handler       0x800'62bd     0x2  Code  Gb  stm32f3xx_it.o [1]
__NVIC_EnableIRQ         0x800'42c9    0x1c  Code  Lc  stm32f3xx_hal_cortex.o [1]
__NVIC_GetPriorityGrouping
                         0x800'42bf     0xa  Code  Lc  stm32f3xx_hal_cortex.o [1]
__NVIC_SetPriority       0x800'42e5    0x24  Code  Lc  stm32f3xx_hal_cortex.o [1]
__NVIC_SetPriorityGrouping
                         0x800'42a5    0x1a  Code  Lc  stm32f3xx_hal_cortex.o [1]
__aeabi_assert           0x800'52c5    0x24  Code  Gb  ABIassert.o [5]
__aeabi_memclr           0x800'3ee1          Code  Gb  ABImemclr.o [4]
__aeabi_memcpy           0x800'189d          Code  Gb  ABImemcpy.o [4]
__aeabi_memcpy4          0x800'18bd          Code  Gb  ABImemcpy.o [4]
__aeabi_memcpy8          0x800'18bd          Code  Gb  ABImemcpy.o [4]
__aeabi_memset           0x800'50f5          Code  Gb  ABImemset.o [4]
__call_ctors             0x800'6639    0x18  Code  Gb  cppinit.o [2]
__cmain                  0x800'6651          Code  Gb  cmain.o [4]
__exit                   0x800'5cc9    0x14  Code  Gb  exit.o [5]
__iar_Memset             0x800'50f5          Code  Gb  ABImemset.o [4]
__iar_Memset_word        0x800'50fd          Code  Gb  ABImemset.o [4]
__iar_cstart_call_ctors
                         0x800'6619    0x20  Code  Gb  cmain_call_ctors.o [4]
__iar_data_init3         0x800'6585    0x28  Code  Gb  data_init.o [4]
__iar_debug_exceptions   0x800'1942     0x1  Data  Gb  unwind_debug.o [5]
__iar_init_vfp           0x800'65d1          Code  Gb  fpinit_M.o [3]
__iar_packbits_init_single3
                         0x800'654d    0x38  Code  Gb  packbits_init_single.o [4]
__iar_program_start      0x800'6769          Code  Gb  cstartup_M.o [4]
__iar_tls$$INIT_ARRAY$$Base
                         0x800'6898           --   Gb  - Linker created -
__iar_tls$$INIT_ARRAY$$Limit
                         0x800'6898           --   Gb  - Linker created -
__iar_zero_init3         0x800'16a7    0x3a  Code  Gb  zero_init3.o [4]
__low_level_init         0x800'666f     0x4  Code  Gb  low_level_init.o [2]
__sti__routine           0x800'11dd    0x1c  Code  Lc  freertos.o [1]
__vector_table           0x800'0000          Data  Gb  startup_stm32f303xc.o [1]
_call_main               0x800'665d          Code  Gb  cmain.o [4]
_exit                    0x800'6679          Code  Gb  cexit.o [4]
_main                    0x800'666b          Code  Gb  cmain.o [4]
aPLLMULFactorTable       0x800'670c    0x10  Data  Gb  stm32f3xx_hal_rcc.o [1]
aPredivFactorTable       0x800'671c    0x10  Data  Gb  stm32f3xx_hal_rcc.o [1]
abort                    0x800'5cbd     0x6  Code  Gb  abort.o [2]
adc_buffer              0x2000'27b0   0x800  Data  Gb  freertos.o [1]
aucCRCHi                 0x800'60b4   0x100  Data  Lc  mbcrc.o [1]
aucCRCLo                 0x800'61b4   0x100  Data  Lc  mbcrc.o [1]
call                    0x2000'3790     0x2  Data  Gb  freertos.o [1]
downcounter             0x2000'379c     0x2  Data  Gb  porttimer.o [1]
eMBCurrentMode          0x2000'379f     0x1  Data  Lc  mb.o [1]
eMBEnable                0x800'2f1f    0x20  Code  Gb  mb.o [1]
eMBFuncReadCoils         0x800'5f1b    0x9e  Code  Gb  mbfunccoils.o [1]
eMBFuncReadDiscreteInputs
                         0x800'637d    0x9c  Code  Gb  mbfuncdisc.o [1]
eMBFuncReadHoldingRegister
                         0x800'5d87    0x86  Code  Gb  mbfuncholding.o [1]
eMBFuncReadInputRegister
                         0x800'6419    0x86  Code  Gb  mbfuncinput.o [1]
eMBFuncReadWriteMultipleHoldingRegister
                         0x800'5e0d    0xec  Code  Gb  mbfuncholding.o [1]
eMBFuncReportSlaveID     0x800'65ad    0x1c  Code  Gb  mbfuncother.o [1]
eMBFuncWriteCoil         0x800'5fb9    0x6c  Code  Gb  mbfunccoils.o [1]
eMBFuncWriteHoldingRegister
                         0x800'5cdd    0x3a  Code  Gb  mbfuncholding.o [1]
eMBFuncWriteMultipleCoils
                         0x800'6025    0x8e  Code  Gb  mbfunccoils.o [1]
eMBFuncWriteMultipleHoldingRegister
                         0x800'5d17    0x70  Code  Gb  mbfuncholding.o [1]
eMBInit                  0x800'2e85    0x9a  Code  Gb  mb.o [1]
eMBPoll                  0x800'2f3f    0xe4  Code  Gb  mb.o [1]
eMBPoll::eException     0x2000'37a2     0x1  Data  Lc  mb.o [1]
eMBPoll::ucFunctionCode
                        0x2000'37a1     0x1  Data  Lc  mb.o [1]
eMBPoll::ucMBFrame      0x2000'3744     0x4  Data  Lc  mb.o [1]
eMBPoll::ucRcvAddress   0x2000'37a0     0x1  Data  Lc  mb.o [1]
eMBPoll::usLength       0x2000'3792     0x2  Data  Lc  mb.o [1]
eMBRTUInit               0x800'3ee9    0x46  Code  Gb  mbrtu.o [1]
eMBRTUReceive            0x800'3f5d    0x6a  Code  Gb  mbrtu.o [1]
eMBRTUSend               0x800'3fc7    0x60  Code  Gb  mbrtu.o [1]
eMBRTUStart              0x800'3f2f    0x1a  Code  Gb  mbrtu.o [1]
eMBRTUStop               0x800'3f49    0x14  Code  Gb  mbrtu.o [1]
eMBRegCoilsCB            0x800'1571     0x4  Code  Gb  freertos.o [1]
eMBRegDiscreteCB         0x800'1575     0x4  Code  Gb  freertos.o [1]
eMBRegHoldingCB          0x800'139f   0x186  Code  Gb  freertos.o [1]
eMBRegInputCB            0x800'1399     0x6  Code  Gb  freertos.o [1]
eMBState                0x2000'009d     0x1  Data  Lc  mb.o [1]
eQueuedEvent            0x2000'37a6     0x1  Data  Lc  portevent.o [1]
eRcvState               0x2000'37a4     0x1  Data  Lc  mbrtu.o [1]
eSndState               0x2000'37a3     0x1  Data  Lc  mbrtu.o [1]
exit                     0x800'6673     0x4  Code  Gb  exit.o [2]
filter::Filter_SMA(unsigned short)
                         0x800'2cf1    0x6c  Code  Gb  filter_sma.o [1]
filter::Get_Result()     0x800'2d5d     0x4  Code  Gb  filter_sma.o [1]
filter::filter()         0x800'2d61    0x1e  Code  Gb  filter_sma.o [1]
filter::filter() [subobject]
                         0x800'2ce9     0x8  Code  Gb  filter_sma.o [1]
flash_erase_page(unsigned int)
                         0x800'2df1    0x2a  Code  Gb  flash_user.o [1]
flash_lock()             0x800'2e27     0xc  Code  Gb  flash_user.o [1]
flash_ready()            0x800'2de1    0x10  Code  Gb  flash_user.o [1]
flash_unlock()           0x800'2e1b     0xc  Code  Gb  flash_user.o [1]
flash_write(unsigned int, unsigned int)
                         0x800'2e33    0x3a  Code  Gb  flash_user.o [1]
hadc2                   0x2000'3414    0x50  Data  Gb  adc.o [1]
hdma_adc2               0x2000'3638    0x44  Data  Gb  adc.o [1]
htim3                   0x2000'35a0    0x4c  Data  Gb  tim.o [1]
htim6                   0x2000'35ec    0x4c  Data  Gb  tim.o [1]
htim7                   0x2000'3554    0x4c  Data  Gb  stm32f3xx_hal_timebase_tim.o [1]
huart2                  0x2000'333c    0x84  Data  Gb  usart.o [1]
inHandlerMode            0x800'16f7    0x12  Code  Lc  cmsis_os.o [1]
main                     0x800'3db1    0x78  Code  Gb  main.o [1]
mainTask(void const *)   0x800'1261   0x10e  Code  Gb  freertos.o [1]
makeFreeRtosPriority     0x800'16e1    0x16  Code  Lc  cmsis_os.o [1]
memset                   0x800'41e9    0x14  Code  Gb  memset.o [4]
modbus(void const *)     0x800'136f    0x1e  Code  Gb  freertos.o [1]
osDelay                  0x800'1771    0x16  Code  Gb  cmsis_os.o [1]
osKernelStart            0x800'1709     0xa  Code  Gb  cmsis_os.o [1]
osSemaphoreCreate        0x800'1787    0x4a  Code  Gb  cmsis_os.o [1]
osSemaphoreRelease       0x800'1845    0x52  Code  Gb  cmsis_os.o [1]
osSemaphoreWait          0x800'17d1    0x74  Code  Gb  cmsis_os.o [1]
osThreadCreate           0x800'1713    0x5e  Code  Gb  cmsis_os.o [1]
pcInterruptPriorityRegisters
                         0x800'6798     0x4  Data  Lc  port.o [1]
peMBFrameReceiveCur     0x2000'3730     0x4  Data  Lc  mb.o [1]
peMBFrameSendCur        0x2000'3724     0x4  Data  Lc  mb.o [1]
prvAddCurrentTaskToDelayedList
                         0x800'0be5    0x6e  Code  Lc  tasks.o [1]
prvAddNewTaskToReadyList
                         0x800'0327    0x9a  Code  Lc  tasks.o [1]
prvCheckTasksWaitingTermination
                         0x800'08c5    0x38  Code  Lc  tasks.o [1]
prvCopyDataFromQueue     0x800'3759    0x2a  Code  Lc  queue.o [1]
prvCopyDataToQueue       0x800'36d3    0x86  Code  Lc  queue.o [1]
prvDeleteTCB             0x800'0905    0x42  Code  Lc  tasks.o [1]
prvGetDisinheritPriorityAfterTimeout
                         0x800'36bf    0x14  Code  Lc  queue.o [1]
prvHeapInit              0x800'0e13    0x5e  Code  Lc  heap_4.o [1]
prvIdleTask              0x800'0841    0x22  Code  Lc  tasks.o [1]
prvInitialiseNewQueue    0x800'320d    0x1c  Code  Lc  queue.o [1]
prvInitialiseNewTask     0x800'027d    0xaa  Code  Lc  tasks.o [1]
prvInitialiseTaskLists   0x800'0871    0x50  Code  Lc  tasks.o [1]
prvInsertBlockIntoFreeList
                         0x800'0e71    0x5e  Code  Lc  heap_4.o [1]
prvIsQueueEmpty          0x800'37f1    0x1c  Code  Lc  queue.o [1]
prvIsQueueFull           0x800'380d    0x1e  Code  Lc  queue.o [1]
prvResetNextTaskUnblockTime
                         0x800'0947    0x28  Code  Lc  tasks.o [1]
prvTaskExitError         0x800'0fad    0x2a  Code  Lc  port.o [1]
prvUnlockQueue           0x800'3783    0x6e  Code  Lc  queue.o [1]
prveMBError2Exception    0x800'5ef9    0x22  Code  Gb  mbutils.o [1]
pucSndBufferCur         0x2000'3748     0x4  Data  Lc  mbrtu.o [1]
pvMBFrameCloseCur       0x2000'3734     0x4  Data  Lc  mb.o [1]
pvMBFrameStartCur       0x2000'3728     0x4  Data  Lc  mb.o [1]
pvMBFrameStopCur        0x2000'372c     0x4  Data  Lc  mb.o [1]
pvPortMalloc             0x800'0c8d   0x114  Code  Gb  heap_4.o [1]
pvTaskIncrementMutexHeldCount
                         0x800'0ba1    0x16  Code  Gb  tasks.o [1]
pxCurrentTCB            0x2000'3754     0x4  Data  Gb  tasks.o [1]
pxDelayedTaskList       0x2000'3758     0x4  Data  Lc  tasks.o [1]
pxEnd                   0x2000'3714     0x4  Data  Lc  heap_4.o [1]
pxMBFrameCBByteReceived
                        0x2000'3738     0x4  Data  Gb  mb.o [1]
pxMBFrameCBTransmitterEmpty
                        0x2000'373c     0x4  Data  Gb  mb.o [1]
pxMBPortCBTimerExpired  0x2000'3740     0x4  Data  Gb  mb.o [1]
pxOverflowDelayedTaskList
                        0x2000'375c     0x4  Data  Lc  tasks.o [1]
pxPortInitialiseStack    0x800'0f85    0x28  Code  Gb  port.o [1]
pxReadyTasksLists       0x2000'32b0    0x8c  Data  Lc  tasks.o [1]
sensState               0x2000'009c     0x1  Data  Gb  freertos.o [1]
sensor::Call(unsigned short *)
                         0x800'1669    0x32  Code  Gb  sensor.o [1]
sensor::detectPoll()     0x800'164b    0x1e  Code  Gb  sensor.o [1]
sensor::getOffsetMax()   0x800'16a1     0x6  Code  Gb  sensor.o [1]
sensor::getOffsetMin()   0x800'169b     0x6  Code  Gb  sensor.o [1]
sensor::sensor()         0x800'1629    0x22  Code  Gb  sensor.o [1]
serial                  0x2000'0090     0x4  Data  Gb  portserial.o [1]
settings                0x2000'0000     0xc  Data  Gb  main.o [1]
timeout                 0x2000'379a     0x2  Data  Gb  porttimer.o [1]
ucHeap                  0x2000'00a0  0x2710  Data  Lc  heap_4.o [1]
ucMBAddress             0x2000'379e     0x1  Data  Lc  mb.o [1]
ucMBSlaveID             0x2000'367c    0x20  Data  Lc  mbfuncother.o [1]
ucMaxSysCallPriority    0x2000'37a5     0x1  Data  Lc  port.o [1]
ucRTUBuf                0x2000'31b0   0x100  Data  Gb  mbrtu.o [1]
ulMaxPRIGROUPValue      0x2000'374c     0x4  Data  Lc  port.o [1]
usMBCRC16                0x800'52e9    0x40  Code  Gb  mbcrc.o [1]
usMBSlaveIDLen          0x2000'3794     0x2  Data  Lc  mbfuncother.o [1]
usRcvBufferPos          0x2000'3798     0x2  Data  Lc  mbrtu.o [1]
usSndBufferCount        0x2000'3796     0x2  Data  Lc  mbrtu.o [1]
uwTick                  0x2000'3750     0x4  Data  Gb  stm32f3xx_hal.o [1]
uwTickFreq              0x2000'009e     0x1  Data  Gb  stm32f3xx_hal.o [1]
uwTickPrio              0x2000'0094     0x4  Data  Gb  stm32f3xx_hal.o [1]
uxCriticalNesting       0x2000'008c     0x4  Data  Lc  port.o [1]
uxCurrentNumberOfTasks  0x2000'3764     0x4  Data  Lc  tasks.o [1]
uxDeletedTasksWaitingCleanUp
                        0x2000'3760     0x4  Data  Lc  tasks.o [1]
uxListRemove             0x800'0f5f    0x26  Code  Gb  list.o [1]
uxPendedTicks           0x2000'3774     0x4  Data  Lc  tasks.o [1]
uxSchedulerSuspended    0x2000'378c     0x4  Data  Lc  tasks.o [1]
uxTaskNumber            0x2000'3780     0x4  Data  Lc  tasks.o [1]
uxTopReadyPriority      0x2000'376c     0x4  Data  Lc  tasks.o [1]
vApplicationGetIdleTaskMemory
                         0x800'11f9    0x12  Code  Gb  freertos.o [1]
vListInitialise          0x800'0eed    0x1e  Code  Gb  list.o [1]
vListInitialiseItem      0x800'0f0b     0x6  Code  Gb  list.o [1]
vListInsert              0x800'0f29    0x36  Code  Gb  list.o [1]
vListInsertEnd           0x800'0f11    0x18  Code  Gb  list.o [1]
vMBPortSerialEnable      0x800'515d    0x5a  Code  Gb  portserial.o [1]
vMBPortTimersDisable     0x800'52a5     0xa  Code  Gb  porttimer.o [1]
vMBPortTimersEnable      0x800'5293    0x12  Code  Gb  porttimer.o [1]
vPortEnableVFP           0x800'160d          Code  Gb  portasm.o [1]
vPortEnterCritical       0x800'10a5    0x34  Code  Gb  port.o [1]
vPortExitCritical        0x800'10d9    0x2c  Code  Gb  port.o [1]
vPortFree                0x800'0da1    0x72  Code  Gb  heap_4.o [1]
vPortStartFirstTask      0x800'15ed          Code  Gb  portasm.o [1]
vPortValidateInterruptPriority
                         0x800'112d    0x4a  Code  Gb  port.o [1]
vTaskDelay               0x800'03c1    0x4c  Code  Gb  tasks.o [1]
vTaskInternalSetTimeOutState
                         0x800'0797    0x12  Code  Gb  tasks.o [1]
vTaskMissedYield         0x800'082b     0xa  Code  Gb  tasks.o [1]
vTaskPlaceOnEventList    0x800'06ef    0x2e  Code  Gb  tasks.o [1]
vTaskPriorityDisinheritAfterTimeout
                         0x800'0aed    0xb4  Code  Gb  tasks.o [1]
vTaskStartScheduler      0x800'040d    0x8e  Code  Gb  tasks.o [1]
vTaskSuspendAll          0x800'049b     0xc  Code  Gb  tasks.o [1]
vTaskSwitchContext       0x800'0683    0x6c  Code  Gb  tasks.o [1]
xBlockAllocatedBit      0x2000'3720     0x4  Data  Lc  heap_4.o [1]
xDelayedTaskList1       0x2000'369c    0x14  Data  Lc  tasks.o [1]
xDelayedTaskList2       0x2000'36b0    0x14  Data  Lc  tasks.o [1]
xEventInQueue           0x2000'37a7     0x1  Data  Lc  portevent.o [1]
xFreeBytesRemaining     0x2000'3718     0x4  Data  Lc  heap_4.o [1]
xFuncHandlers           0x2000'000c    0x80  Data  Lc  mb.o [1]
xHeapStructSize          0x800'6794     0x4  Data  Lc  heap_4.o [1]
xIdleStack              0x2000'2fb0   0x200  Data  Lc  freertos.o [1]
xIdleTaskHandle         0x2000'3788     0x4  Data  Lc  tasks.o [1]
xIdleTaskTCBBuffer      0x2000'33c0    0x54  Data  Lc  freertos.o [1]
xMBPortEventGet          0x800'41c5    0x1c  Code  Gb  portevent.o [1]
xMBPortEventInit         0x800'41ad     0xa  Code  Gb  portevent.o [1]
xMBPortEventPost         0x800'41b7     0xe  Code  Gb  portevent.o [1]
xMBPortSerialGetByte     0x800'522d     0xe  Code  Gb  portserial.o [1]
xMBPortSerialInit        0x800'51b7    0x58  Code  Gb  portserial.o [1]
xMBPortSerialPutByte     0x800'520f    0x1e  Code  Gb  portserial.o [1]
xMBPortTimersInit        0x800'5245    0x4e  Code  Gb  porttimer.o [1]
xMBRTUReceiveFSM         0x800'4027    0x8a  Code  Gb  mbrtu.o [1]
xMBRTUTimerT35Expired    0x800'411f    0x5c  Code  Gb  mbrtu.o [1]
xMBRTUTransmitFSM        0x800'40b1    0x6e  Code  Gb  mbrtu.o [1]
xMinimumEverFreeBytesRemaining
                        0x2000'371c     0x4  Data  Lc  heap_4.o [1]
xNextTaskUnblockTime    0x2000'3784     0x4  Data  Lc  tasks.o [1]
xNumOfOverflows         0x2000'377c     0x4  Data  Lc  tasks.o [1]
xPendingReadyList       0x2000'36c4    0x14  Data  Lc  tasks.o [1]
xPortStartScheduler      0x800'0fd7    0xce  Code  Gb  port.o [1]
xQueueGenericCreate      0x800'31bd    0x50  Code  Gb  queue.o [1]
xQueueGenericCreateStatic
                         0x800'3117    0xa6  Code  Gb  queue.o [1]
xQueueGenericReset       0x800'3085    0x92  Code  Gb  queue.o [1]
xQueueGenericSend        0x800'3229   0x196  Code  Gb  queue.o [1]
xQueueGiveFromISR        0x800'33bf    0xb8  Code  Gb  queue.o [1]
xQueueReceiveFromISR     0x800'3611    0xae  Code  Gb  queue.o [1]
xQueueSemaphoreTake      0x800'3477   0x196  Code  Gb  queue.o [1]
xSchedulerRunning       0x2000'3770     0x4  Data  Lc  tasks.o [1]
xStart                  0x2000'3700     0x8  Data  Lc  heap_4.o [1]
xSuspendedTaskList      0x2000'36ec    0x14  Data  Lc  tasks.o [1]
xTaskCheckForTimeOut     0x800'07a9    0x82  Code  Gb  tasks.o [1]
xTaskCreate              0x800'020b    0x72  Code  Gb  tasks.o [1]
xTaskCreateStatic        0x800'0189    0x82  Code  Gb  tasks.o [1]
xTaskGetSchedulerState   0x800'0975    0x20  Code  Gb  tasks.o [1]
xTaskIncrementTick       0x800'058b    0xf8  Code  Gb  tasks.o [1]
xTaskPriorityDisinherit
                         0x800'0a39    0xae  Code  Gb  tasks.o [1]
xTaskPriorityInherit     0x800'0995    0xa0  Code  Gb  tasks.o [1]
xTaskRemoveFromEventList
                         0x800'071d    0x7a  Code  Gb  tasks.o [1]
xTaskResumeAll           0x800'04a7    0xe4  Code  Gb  tasks.o [1]
xTasksWaitingTermination
                        0x2000'36d8    0x14  Data  Lc  tasks.o [1]
xTickCount              0x2000'3768     0x4  Data  Lc  tasks.o [1]
xYieldPending           0x2000'3778     0x4  Data  Lc  tasks.o [1]


[1] = D:\Radio\Jobe\GP2Y0A02YK0F\f303_sens\EWARM\f303_sens\Obj
[2] = dl7M_tlf.a
[3] = m7M_tls.a
[4] = rt7M_tl.a
[5] = shb_l.a

  25'807 bytes of readonly  code memory
   1'077 bytes of readonly  data memory
  30'631 bytes of readwrite data memory

Errors: none
Warnings: none
